Archive member included to satisfy reference by file (symbol)

/opt/st/stm32cubeide_1.11.0/plugins/com.st.stm32cube.ide.mcu.externaltools.gnu-tools-for-stm32.10.3-2021.10.linux64_1.0.100.202210260954/tools/bin/../lib/gcc/arm-none-eabi/10.3.1/../../../../arm-none-eabi/lib/thumb/v7e-m+dp/hard/libstdc++_nano.a(pure.o)
                              ./Application/Src/Application.o (__cxa_pure_virtual)
/opt/st/stm32cubeide_1.11.0/plugins/com.st.stm32cube.ide.mcu.externaltools.gnu-tools-for-stm32.10.3-2021.10.linux64_1.0.100.202210260954/tools/bin/../lib/gcc/arm-none-eabi/10.3.1/../../../../arm-none-eabi/lib/thumb/v7e-m+dp/hard/libstdc++_nano.a(chrono.o)
                              ./Application/Src/Protocol/protocol.o (std::chrono::_V2::system_clock::now())
/opt/st/stm32cubeide_1.11.0/plugins/com.st.stm32cube.ide.mcu.externaltools.gnu-tools-for-stm32.10.3-2021.10.linux64_1.0.100.202210260954/tools/bin/../lib/gcc/arm-none-eabi/10.3.1/../../../../arm-none-eabi/lib/thumb/v7e-m+dp/hard/libstdc++_nano.a(eh_terminate.o)
                              /opt/st/stm32cubeide_1.11.0/plugins/com.st.stm32cube.ide.mcu.externaltools.gnu-tools-for-stm32.10.3-2021.10.linux64_1.0.100.202210260954/tools/bin/../lib/gcc/arm-none-eabi/10.3.1/../../../../arm-none-eabi/lib/thumb/v7e-m+dp/hard/libstdc++_nano.a(pure.o) (std::terminate())
/opt/st/stm32cubeide_1.11.0/plugins/com.st.stm32cube.ide.mcu.externaltools.gnu-tools-for-stm32.10.3-2021.10.linux64_1.0.100.202210260954/tools/bin/../lib/gcc/arm-none-eabi/10.3.1/../../../../arm-none-eabi/lib/thumb/v7e-m+dp/hard/libstdc++_nano.a(eh_unex_handler.o)
                              /opt/st/stm32cubeide_1.11.0/plugins/com.st.stm32cube.ide.mcu.externaltools.gnu-tools-for-stm32.10.3-2021.10.linux64_1.0.100.202210260954/tools/bin/../lib/gcc/arm-none-eabi/10.3.1/../../../../arm-none-eabi/lib/thumb/v7e-m+dp/hard/libstdc++_nano.a(eh_terminate.o) (__cxxabiv1::__unexpected_handler)
/opt/st/stm32cubeide_1.11.0/plugins/com.st.stm32cube.ide.mcu.externaltools.gnu-tools-for-stm32.10.3-2021.10.linux64_1.0.100.202210260954/tools/bin/../lib/gcc/arm-none-eabi/10.3.1/../../../../arm-none-eabi/lib/thumb/v7e-m+dp/hard/libstdc++_nano.a(eh_term_handler.o)
                              /opt/st/stm32cubeide_1.11.0/plugins/com.st.stm32cube.ide.mcu.externaltools.gnu-tools-for-stm32.10.3-2021.10.linux64_1.0.100.202210260954/tools/bin/../lib/gcc/arm-none-eabi/10.3.1/../../../../arm-none-eabi/lib/thumb/v7e-m+dp/hard/libstdc++_nano.a(eh_terminate.o) (__cxxabiv1::__terminate_handler)
/opt/st/stm32cubeide_1.11.0/plugins/com.st.stm32cube.ide.mcu.externaltools.gnu-tools-for-stm32.10.3-2021.10.linux64_1.0.100.202210260954/tools/bin/../lib/gcc/arm-none-eabi/10.3.1/../../../../arm-none-eabi/lib/thumb/v7e-m+dp/hard/libc_nano.a(lib_a-abort.o)
                              /opt/st/stm32cubeide_1.11.0/plugins/com.st.stm32cube.ide.mcu.externaltools.gnu-tools-for-stm32.10.3-2021.10.linux64_1.0.100.202210260954/tools/bin/../lib/gcc/arm-none-eabi/10.3.1/../../../../arm-none-eabi/lib/thumb/v7e-m+dp/hard/libstdc++_nano.a(eh_terminate.o) (abort)
/opt/st/stm32cubeide_1.11.0/plugins/com.st.stm32cube.ide.mcu.externaltools.gnu-tools-for-stm32.10.3-2021.10.linux64_1.0.100.202210260954/tools/bin/../lib/gcc/arm-none-eabi/10.3.1/../../../../arm-none-eabi/lib/thumb/v7e-m+dp/hard/libc_nano.a(lib_a-errno.o)
                              ./Core/Src/syscalls.o (__errno)
/opt/st/stm32cubeide_1.11.0/plugins/com.st.stm32cube.ide.mcu.externaltools.gnu-tools-for-stm32.10.3-2021.10.linux64_1.0.100.202210260954/tools/bin/../lib/gcc/arm-none-eabi/10.3.1/../../../../arm-none-eabi/lib/thumb/v7e-m+dp/hard/libc_nano.a(lib_a-exit.o)
                              /opt/st/stm32cubeide_1.11.0/plugins/com.st.stm32cube.ide.mcu.externaltools.gnu-tools-for-stm32.10.3-2021.10.linux64_1.0.100.202210260954/tools/bin/../lib/gcc/arm-none-eabi/10.3.1/../../../../arm-none-eabi/lib/thumb/v7e-m+dp/hard/crt0.o (exit)
/opt/st/stm32cubeide_1.11.0/plugins/com.st.stm32cube.ide.mcu.externaltools.gnu-tools-for-stm32.10.3-2021.10.linux64_1.0.100.202210260954/tools/bin/../lib/gcc/arm-none-eabi/10.3.1/../../../../arm-none-eabi/lib/thumb/v7e-m+dp/hard/libc_nano.a(lib_a-findfp.o)
                              ./Middlewares/Third_Party/FreeRTOS/Source/tasks.o (__sf_fake_stderr)
/opt/st/stm32cubeide_1.11.0/plugins/com.st.stm32cube.ide.mcu.externaltools.gnu-tools-for-stm32.10.3-2021.10.linux64_1.0.100.202210260954/tools/bin/../lib/gcc/arm-none-eabi/10.3.1/../../../../arm-none-eabi/lib/thumb/v7e-m+dp/hard/libc_nano.a(lib_a-fwalk.o)
                              /opt/st/stm32cubeide_1.11.0/plugins/com.st.stm32cube.ide.mcu.externaltools.gnu-tools-for-stm32.10.3-2021.10.linux64_1.0.100.202210260954/tools/bin/../lib/gcc/arm-none-eabi/10.3.1/../../../../arm-none-eabi/lib/thumb/v7e-m+dp/hard/libc_nano.a(lib_a-findfp.o) (_fwalk)
[...]
Memory Configuration

Name             Origin             Length             Attributes
RAM              0x0000000020000000 0x0000000000080000 xrw
FLASH            0x0000000008000000 0x0000000000200000 xr
*default*        0x0000000000000000 0xffffffffffffffff

Linker script and memory map

LOAD /opt/st/stm32cubeide_1.11.0/plugins/com.st.stm32cube.ide.mcu.externaltools.gnu-tools-for-stm32.10.3-2021.10.linux64_1.0.100.202210260954/tools/bin/../lib/gcc/arm-none-eabi/10.3.1/thumb/v7e-m+dp/hard/crti.o
LOAD /opt/st/stm32cubeide_1.11.0/plugins/com.st.stm32cube.ide.mcu.externaltools.gnu-tools-for-stm32.10.3-2021.10.linux64_1.0.100.202210260954/tools/bin/../lib/gcc/arm-none-eabi/10.3.1/thumb/v7e-m+dp/hard/crtbegin.o
LOAD /opt/st/stm32cubeide_1.11.0/plugins/com.st.stm32cube.ide.mcu.externaltools.gnu-tools-for-stm32.10.3-2021.10.linux64_1.0.100.202210260954/tools/bin/../lib/gcc/arm-none-eabi/10.3.1/../../../../arm-none-eabi/lib/thumb/v7e-m+dp/hard/crt0.o
LOAD ./Application/Src/Application.o
LOAD ./Application/Src/Protocol/protocol.o
LOAD ./Application/Src/Services/CommandReceiver/CommandReceiver.o
LOAD ./Application/Src/Services/TelemetrySender/TelemetrySender.o
LOAD ./Core/Src/freertos.o
LOAD ./Core/Src/main.o
LOAD ./Core/Src/stm32f7xx_hal_msp.o
LOAD ./Core/Src/stm32f7xx_hal_timebase_tim.o
LOAD ./Core/Src/stm32f7xx_it.o
LOAD ./Core/Src/syscalls.o
LOAD ./Core/Src/sysmem.o
LOAD ./Core/Src/system_stm32f7xx.o
LOAD ./Core/Startup/startup_stm32f767zitx.o
LOAD ./Drivers/STM32F7xx_HAL_Driver/Src/stm32f7xx_hal.o
LOAD ./Drivers/STM32F7xx_HAL_Driver/Src/stm32f7xx_hal_cortex.o
LOAD ./Drivers/STM32F7xx_HAL_Driver/Src/stm32f7xx_hal_dma.o
LOAD ./Drivers/STM32F7xx_HAL_Driver/Src/stm32f7xx_hal_dma_ex.o
LOAD ./Drivers/STM32F7xx_HAL_Driver/Src/stm32f7xx_hal_exti.o
LOAD ./Drivers/STM32F7xx_HAL_Driver/Src/stm32f7xx_hal_flash.o
LOAD ./Drivers/STM32F7xx_HAL_Driver/Src/stm32f7xx_hal_flash_ex.o
LOAD ./Drivers/STM32F7xx_HAL_Driver/Src/stm32f7xx_hal_gpio.o
LOAD ./Drivers/STM32F7xx_HAL_Driver/Src/stm32f7xx_hal_i2c.o
LOAD ./Drivers/STM32F7xx_HAL_Driver/Src/stm32f7xx_hal_i2c_ex.o
LOAD ./Drivers/STM32F7xx_HAL_Driver/Src/stm32f7xx_hal_pcd.o
LOAD ./Drivers/STM32F7xx_HAL_Driver/Src/stm32f7xx_hal_pcd_ex.o
LOAD ./Drivers/STM32F7xx_HAL_Driver/Src/stm32f7xx_hal_pwr.o
LOAD ./Drivers/STM32F7xx_HAL_Driver/Src/stm32f7xx_hal_pwr_ex.o
LOAD ./Drivers/STM32F7xx_HAL_Driver/Src/stm32f7xx_hal_rcc.o
LOAD ./Drivers/STM32F7xx_HAL_Driver/Src/stm32f7xx_hal_rcc_ex.o
LOAD ./Drivers/STM32F7xx_HAL_Driver/Src/stm32f7xx_hal_tim.o
LOAD ./Drivers/STM32F7xx_HAL_Driver/Src/stm32f7xx_hal_tim_ex.o
LOAD ./Drivers/STM32F7xx_HAL_Driver/Src/stm32f7xx_hal_uart.o
LOAD ./Drivers/STM32F7xx_HAL_Driver/Src/stm32f7xx_hal_uart_ex.o
LOAD ./Drivers/STM32F7xx_HAL_Driver/Src/stm32f7xx_ll_usb.o
LOAD ./Middlewares/Third_Party/FreeRTOS/Source/CMSIS_RTOS_V2/cmsis_os2.o
LOAD ./Middlewares/Third_Party/FreeRTOS/Source/croutine.o
LOAD ./Middlewares/Third_Party/FreeRTOS/Source/event_groups.o
LOAD ./Middlewares/Third_Party/FreeRTOS/Source/list.o
LOAD ./Middlewares/Third_Party/FreeRTOS/Source/queue.o
LOAD ./Middlewares/Third_Party/FreeRTOS/Source/stream_buffer.o
LOAD ./Middlewares/Third_Party/FreeRTOS/Source/tasks.o
LOAD ./Middlewares/Third_Party/FreeRTOS/Source/timers.o
LOAD ./Middlewares/Third_Party/FreeRTOS/Source/portable/GCC/ARM_CM7/r0p1/port.o
LOAD ./Middlewares/Third_Party/FreeRTOS/Source/portable/MemMang/heap_4.o
START GROUP
LOAD /opt/st/stm32cubeide_1.11.0/plugins/com.st.stm32cube.ide.mcu.externaltools.gnu-tools-for-stm32.10.3-2021.10.linux64_1.0.100.202210260954/tools/bin/../lib/gcc/arm-none-eabi/10.3.1/../../../../arm-none-eabi/lib/thumb/v7e-m+dp/hard/libstdc++_nano.a
LOAD /opt/st/stm32cubeide_1.11.0/plugins/com.st.stm32cube.ide.mcu.externaltools.gnu-tools-for-stm32.10.3-2021.10.linux64_1.0.100.202210260954/tools/bin/../lib/gcc/arm-none-eabi/10.3.1/../../../../arm-none-eabi/lib/thumb/v7e-m+dp/hard/libsupc++_nano.a
END GROUP
LOAD /opt/st/stm32cubeide_1.11.0/plugins/com.st.stm32cube.ide.mcu.externaltools.gnu-tools-for-stm32.10.3-2021.10.linux64_1.0.100.202210260954/tools/bin/../lib/gcc/arm-none-eabi/10.3.1/../../../../arm-none-eabi/lib/thumb/v7e-m+dp/hard/libstdc++_nano.a
LOAD /opt/st/stm32cubeide_1.11.0/plugins/com.st.stm32cube.ide.mcu.externaltools.gnu-tools-for-stm32.10.3-2021.10.linux64_1.0.100.202210260954/tools/bin/../lib/gcc/arm-none-eabi/10.3.1/../../../../arm-none-eabi/lib/thumb/v7e-m+dp/hard/libm.a
LOAD /opt/st/stm32cubeide_1.11.0/plugins/com.st.stm32cube.ide.mcu.externaltools.gnu-tools-for-stm32.10.3-2021.10.linux64_1.0.100.202210260954/tools/bin/../lib/gcc/arm-none-eabi/10.3.1/../../../../arm-none-eabi/lib/thumb/v7e-m+dp/hard/libc_nano.a
START GROUP
LOAD /opt/st/stm32cubeide_1.11.0/plugins/com.st.stm32cube.ide.mcu.externaltools.gnu-tools-for-stm32.10.3-2021.10.linux64_1.0.100.202210260954/tools/bin/../lib/gcc/arm-none-eabi/10.3.1/thumb/v7e-m+dp/hard/libgcc.a
LOAD /opt/st/stm32cubeide_1.11.0/plugins/com.st.stm32cube.ide.mcu.externaltools.gnu-tools-for-stm32.10.3-2021.10.linux64_1.0.100.202210260954/tools/bin/../lib/gcc/arm-none-eabi/10.3.1/../../../../arm-none-eabi/lib/thumb/v7e-m+dp/hard/libc_nano.a
END GROUP
START GROUP
LOAD /opt/st/stm32cubeide_1.11.0/plugins/com.st.stm32cube.ide.mcu.externaltools.gnu-tools-for-stm32.10.3-2021.10.linux64_1.0.100.202210260954/tools/bin/../lib/gcc/arm-none-eabi/10.3.1/thumb/v7e-m+dp/hard/libgcc.a
LOAD /opt/st/stm32cubeide_1.11.0/plugins/com.st.stm32cube.ide.mcu.externaltools.gnu-tools-for-stm32.10.3-2021.10.linux64_1.0.100.202210260954/tools/bin/../lib/gcc/arm-none-eabi/10.3.1/../../../../arm-none-eabi/lib/thumb/v7e-m+dp/hard/libc_nano.a
LOAD /opt/st/stm32cubeide_1.11.0/plugins/com.st.stm32cube.ide.mcu.externaltools.gnu-tools-for-stm32.10.3-2021.10.linux64_1.0.100.202210260954/tools/bin/../lib/gcc/arm-none-eabi/10.3.1/../../../../arm-none-eabi/lib/thumb/v7e-m+dp/hard/libnosys.a
END GROUP
START GROUP
LOAD /opt/st/stm32cubeide_1.11.0/plugins/com.st.stm32cube.ide.mcu.externaltools.gnu-tools-for-stm32.10.3-2021.10.linux64_1.0.100.202210260954/tools/bin/../lib/gcc/arm-none-eabi/10.3.1/thumb/v7e-m+dp/hard/libgcc.a
LOAD /opt/st/stm32cubeide_1.11.0/plugins/com.st.stm32cube.ide.mcu.externaltools.gnu-tools-for-stm32.10.3-2021.10.linux64_1.0.100.202210260954/tools/bin/../lib/gcc/arm-none-eabi/10.3.1/../../../../arm-none-eabi/lib/thumb/v7e-m+dp/hard/libc_nano.a
LOAD /opt/st/stm32cubeide_1.11.0/plugins/com.st.stm32cube.ide.mcu.externaltools.gnu-tools-for-stm32.10.3-2021.10.linux64_1.0.100.202210260954/tools/bin/../lib/gcc/arm-none-eabi/10.3.1/../../../../arm-none-eabi/lib/thumb/v7e-m+dp/hard/libnosys.a
END GROUP
LOAD /opt/st/stm32cubeide_1.11.0/plugins/com.st.stm32cube.ide.mcu.externaltools.gnu-tools-for-stm32.10.3-2021.10.linux64_1.0.100.202210260954/tools/bin/../lib/gcc/arm-none-eabi/10.3.1/thumb/v7e-m+dp/hard/crtend.o
LOAD /opt/st/stm32cubeide_1.11.0/plugins/com.st.stm32cube.ide.mcu.externaltools.gnu-tools-for-stm32.10.3-2021.10.linux64_1.0.100.202210260954/tools/bin/../lib/gcc/arm-none-eabi/10.3.1/thumb/v7e-m+dp/hard/crtn.o
                0x0000000020080000                _estack = (ORIGIN (RAM) + LENGTH (RAM))
                0x0000000000000200                _Min_Heap_Size = 0x200
                0x0000000000000400                _Min_Stack_Size = 0x400

.isr_vector     0x0000000008000000      0x1f8
                0x0000000008000000                . = ALIGN (0x4)
 *(.isr_vector)
 .isr_vector    0x0000000008000000      0x1f8 ./Core/Startup/startup_stm32f767zitx.o
                0x0000000008000000                g_pfnVectors
                0x00000000080001f8                . = ALIGN (0x4)

.text           0x0000000008000200     0x8e6c
                0x0000000008000200                . = ALIGN (0x4)
 *(.text)
 .text          0x0000000008000200       0x40 /opt/st/stm32cubeide_1.11.0/plugins/com.st.stm32cube.ide.mcu.externaltools.gnu-tools-for-stm32.10.3-2021.10.linux64_1.0.100.202210260954/tools/bin/../lib/gcc/arm-none-eabi/10.3.1/thumb/v7e-m+dp/hard/crtbegin.o
 .text          0x0000000008000240       0xa0 /opt/st/stm32cubeide_1.11.0/plugins/com.st.stm32cube.ide.mcu.externaltools.gnu-tools-for-stm32.10.3-2021.10.linux64_1.0.100.202210260954/tools/bin/../lib/gcc/arm-none-eabi/10.3.1/thumb/v7e-m+dp/hard/libgcc.a(_aeabi_ldivmod.o)
                0x0000000008000240                __aeabi_ldivmod
 .text          0x00000000080002e0       0x30 /opt/st/stm32cubeide_1.11.0/plugins/com.st.stm32cube.ide.mcu.externaltools.gnu-tools-for-stm32.10.3-2021.10.linux64_1.0.100.202210260954/tools/bin/../lib/gcc/arm-none-eabi/10.3.1/thumb/v7e-m+dp/hard/libgcc.a(_aeabi_uldivmod.o)
                0x00000000080002e0                __aeabi_uldivmod
 .text          0x0000000008000310      0x2d0 /opt/st/stm32cubeide_1.11.0/plugins/com.st.stm32cube.ide.mcu.externaltools.gnu-tools-for-stm32.10.3-2021.10.linux64_1.0.100.202210260954/tools/bin/../lib/gcc/arm-none-eabi/10.3.1/thumb/v7e-m+dp/hard/libgcc.a(_udivmoddi4.o)
                0x0000000008000310                __udivmoddi4
 .text          0x00000000080005e0        0x4 /opt/st/stm32cubeide_1.11.0/plugins/com.st.stm32cube.ide.mcu.externaltools.gnu-tools-for-stm32.10.3-2021.10.linux64_1.0.100.202210260954/tools/bin/../lib/gcc/arm-none-eabi/10.3.1/thumb/v7e-m+dp/hard/libgcc.a(_dvmd_tls.o)
                0x00000000080005e0                __aeabi_ldiv0
                0x00000000080005e0                __aeabi_idiv0
 *(.text*)
 .text._ZN8protocol14packet_decoderC2Ev
                0x00000000080005e4       0x4c ./Application/Src/Application.o
                0x00000000080005e4                protocol::packet_decoder::packet_decoder()
                0x00000000080005e4                protocol::packet_decoder::packet_decoder()
 .text._ZN8protocol14packet_decoder4feedEh
                0x0000000008000630       0x8e ./Application/Src/Application.o
                0x0000000008000630                protocol::packet_decoder::feed(unsigned char)
 .text._ZN8protocol14packet_decoder5resetEv
                0x00000000080006be       0x32 ./Application/Src/Application.o
                0x00000000080006be                protocol::packet_decoder::reset()
 .text._ZN8protocol14packet_decoder21handle_pkt_state_idleEv
                0x00000000080006f0       0x26 ./Application/Src/Application.o
                0x00000000080006f0                protocol::packet_decoder::handle_pkt_state_idle()
 .text._ZN8protocol14packet_decoder38handle_pkt_state_expecting_start_sync1Ev
                0x0000000008000716       0x38 ./Application/Src/Application.o
                0x0000000008000716                protocol::packet_decoder::handle_pkt_state_expecting_start_sync1()
 .text._ZN8protocol14packet_decoder33handle_pkt_state_expecting_lengthEv
                0x000000000800074e       0x44 ./Application/Src/Application.o
                0x000000000800074e                protocol::packet_decoder::handle_pkt_state_expecting_length()
 .text._ZN8protocol14packet_decoder34handle_pkt_state_expecting_payloadEv
                0x0000000008000792       0x88 ./Application/Src/Application.o
                0x0000000008000792                protocol::packet_decoder::handle_pkt_state_expecting_payload()
 .text._ZN8protocol14packet_decoder30handle_pkt_state_expecting_crcEv
                0x000000000800081a       0x4c ./Application/Src/Application.o
                0x000000000800081a                protocol::packet_decoder::handle_pkt_state_expecting_crc()
 .text._ZN8protocol14packet_decoder37handle_pkt_state_expecting_terminatorEv
                0x0000000008000866       0x50 ./Application/Src/Application.o
                0x0000000008000866                protocol::packet_decoder::handle_pkt_state_expecting_terminator()
 .text._ZN27ApplicationGeneralTelemetryC2Ev
                0x00000000080008b6       0x9a ./Application/Src/Application.o
                0x00000000080008b6                ApplicationGeneralTelemetry::ApplicationGeneralTelemetry()
                0x00000000080008b6                ApplicationGeneralTelemetry::ApplicationGeneralTelemetry()
 .text._ZN32ApplicationMotorControlTelemetryC2Ev
                0x0000000008000950       0x1c ./Application/Src/Application.o
                0x0000000008000950                ApplicationMotorControlTelemetry::ApplicationMotorControlTelemetry()
                0x0000000008000950                ApplicationMotorControlTelemetry::ApplicationMotorControlTelemetry()
 .text._ZN11ApplicationC2Ev
                0x000000000800096c       0xc4 ./Application/Src/Application.o
                0x000000000800096c                Application::Application()
                0x000000000800096c                Application::Application()
 .text._ZN11ApplicationD2Ev
                0x0000000008000a30       0x20 ./Application/Src/Application.o
                0x0000000008000a30                Application::~Application()
                0x0000000008000a30                Application::~Application()
 .text._ZN11Application13handle_packetEPKhh
                0x0000000008000a50       0x98 ./Application/Src/Application.o
                0x0000000008000a50                Application::handle_packet(unsigned char const*, unsigned char)
 .text._ZN11Application9set_errorEN8protocol14packet_decoder10error_codeE
                0x0000000008000ae8       0x36 ./Application/Src/Application.o
                0x0000000008000ae8                Application::set_error(protocol::packet_decoder::error_code)
 *fill*         0x0000000008000b1e        0x2 
 .text.HAL_UART_RxCpltCallback
                0x0000000008000b20       0x40 ./Application/Src/Application.o
                0x0000000008000b20                HAL_UART_RxCpltCallback
 .text.ApplicationMain
                0x0000000008000b60       0x34 ./Application/Src/Application.o
                0x0000000008000b60                ApplicationMain
 .text._Z41__static_initialization_and_destruction_0ii
                0x0000000008000b94       0x44 ./Application/Src/Application.o
 .text._GLOBAL__sub_I_App
                0x0000000008000bd8       0x10 ./Application/Src/Application.o
 .text._GLOBAL__sub_D_App
                0x0000000008000be8       0x10 ./Application/Src/Application.o
 .text._ZNKSt6chrono8durationIxSt5ratioILx1ELx1000000000EEE5countEv
                0x0000000008000bf8       0x1c ./Application/Src/Protocol/protocol.o
                0x0000000008000bf8                std::chrono::duration<long long, std::ratio<1ll, 1000000000ll> >::count() const
 .text._Z19get_current_time_msv
                0x0000000008000c14       0x44 ./Application/Src/Protocol/protocol.o
                0x0000000008000c14                get_current_time_ms()
 .text._Z9calc_crc8PKhh
                0x0000000008000c58       0x70 ./Application/Src/Protocol/protocol.o
                0x0000000008000c58                calc_crc8(unsigned char const*, unsigned char)
 .text._ZNKSt6chrono10time_pointINS_3_V212system_clockENS_8durationIxSt5ratioILx1ELx1000000000EEEEE16time_since_epochEv
                0x0000000008000cc8       0x22 ./Application/Src/Protocol/protocol.o
                0x0000000008000cc8                std::chrono::time_point<std::chrono::_V2::system_clock, std::chrono::duration<long long, std::ratio<1ll, 1000000000ll> > >::time_since_epoch() const
 .text._ZNSt6chrono13duration_castINS_8durationIxSt5ratioILx1ELx1000EEEExS2_ILx1ELx1000000000EEEENSt9enable_ifIXsrNS_13__is_durationIT_EE5valueES8_E4typeERKNS1_IT0_T1_EE
                0x0000000008000cea       0x1e ./Application/Src/Protocol/protocol.o
                0x0000000008000cea                std::enable_if<std::chrono::__is_duration<std::chrono::duration<long long, std::ratio<1ll, 1000ll> > >::value, std::chrono::duration<long long, std::ratio<1ll, 1000ll> > >::type std::chrono::duration_cast<std::chrono::duration<long long, std::ratio<1ll, 1000ll> >, long long, std::ratio<1ll, 1000000000ll> >(std::chrono::duration<long long, std::ratio<1ll, 1000000000ll> > const&)
 .text._ZNKSt6chrono8durationIxSt5ratioILx1ELx1000EEE5countEv
                0x0000000008000d08       0x1c ./Application/Src/Protocol/protocol.o
                0x0000000008000d08                std::chrono::duration<long long, std::ratio<1ll, 1000ll> >::count() const
 .text._ZNSt6chrono20__duration_cast_implINS_8durationIxSt5ratioILx1ELx1000EEEES2_ILx1ELx1000000EExLb1ELb0EE6__castIxS2_ILx1ELx1000000000EEEES4_RKNS1_IT_T0_EE
                0x0000000008000d24       0x3c ./Application/Src/Protocol/protocol.o
                0x0000000008000d24                std::chrono::duration<long long, std::ratio<1ll, 1000ll> > std::chrono::__duration_cast_impl<std::chrono::duration<long long, std::ratio<1ll, 1000ll> >, std::ratio<1ll, 1000000ll>, long long, true, false>::__cast<long long, std::ratio<1ll, 1000000000ll> >(std::chrono::duration<long long, std::ratio<1ll, 1000000000ll> > const&)
 .text._ZNSt6chrono8durationIxSt5ratioILx1ELx1000EEEC2IxvEERKT_
                0x0000000008000d60       0x24 ./Application/Src/Protocol/protocol.o
                0x0000000008000d60                std::chrono::duration<long long, std::ratio<1ll, 1000ll> >::duration<long long, void>(long long const&)
                0x0000000008000d60                std::chrono::duration<long long, std::ratio<1ll, 1000ll> >::duration<long long, void>(long long const&)
 .text._ZN28ApplicationTelecommandHeader9FromBytesEPKh
                0x0000000008000d84       0x1e ./Application/Src/Services/CommandReceiver/CommandReceiver.o
                0x0000000008000d84                ApplicationTelecommandHeader::FromBytes(unsigned char const*)
 .text._ZN17LedControlCommand9FromBytesEPKh
                0x0000000008000da2       0x20 ./Application/Src/Services/CommandReceiver/CommandReceiver.o
                0x0000000008000da2                LedControlCommand::FromBytes(unsigned char const*)
 .text._ZN25ControlMotorManualCommand9FromBytesEPKh
                0x0000000008000dc2       0x44 ./Application/Src/Services/CommandReceiver/CommandReceiver.o
                0x0000000008000dc2                ControlMotorManualCommand::FromBytes(unsigned char const*)
 .text._ZN23ControlMotorAutoCommand9FromBytesEPKh
                0x0000000008000e06       0x50 ./Application/Src/Services/CommandReceiver/CommandReceiver.o
                0x0000000008000e06                ControlMotorAutoCommand::FromBytes(unsigned char const*)
 .text._ZN26SetMotorControlModeCommand9FromBytesEPKh
                0x0000000008000e56       0x20 ./Application/Src/Services/CommandReceiver/CommandReceiver.o
                0x0000000008000e56                SetMotorControlModeCommand::FromBytes(unsigned char const*)
 *fill*         0x0000000008000e76        0x2 
 .text._ZN22CommandReceiverServiceC2Ev
                0x0000000008000e78       0x2c ./Application/Src/Services/CommandReceiver/CommandReceiver.o
                0x0000000008000e78                CommandReceiverService::CommandReceiverService()
                0x0000000008000e78                CommandReceiverService::CommandReceiverService()
 .text._ZN22CommandReceiverServiceD2Ev
                0x0000000008000ea4       0x16 ./Application/Src/Services/CommandReceiver/CommandReceiver.o
                0x0000000008000ea4                CommandReceiverService::~CommandReceiverService()
                0x0000000008000ea4                CommandReceiverService::~CommandReceiverService()
 *fill*         0x0000000008000eba        0x2 
 .text._ZN22CommandReceiverService4MainEPv
                0x0000000008000ebc       0xd8 ./Application/Src/Services/CommandReceiver/CommandReceiver.o
                0x0000000008000ebc                CommandReceiverService::Main(void*)
 .text.CommandReceiverTaskMain
                0x0000000008000f94       0x1c ./Application/Src/Services/CommandReceiver/CommandReceiver.o
                0x0000000008000f94                CommandReceiverTaskMain
 .text._ZN22CommandReceiverService14CmdControlLedsEPKh
                0x0000000008000fb0       0x44 ./Application/Src/Services/CommandReceiver/CommandReceiver.o
                0x0000000008000fb0                CommandReceiverService::CmdControlLeds(unsigned char const*)
 .text._ZN22CommandReceiverService21CmdControlMotorManualEPKh
                0x0000000008000ff4       0x48 ./Application/Src/Services/CommandReceiver/CommandReceiver.o
                0x0000000008000ff4                CommandReceiverService::CmdControlMotorManual(unsigned char const*)
 .text._ZN22CommandReceiverService19CmdControlMotorAutoEPKh
                0x000000000800103c       0x48 ./Application/Src/Services/CommandReceiver/CommandReceiver.o
                0x000000000800103c                CommandReceiverService::CmdControlMotorAuto(unsigned char const*)
 .text._ZN22CommandReceiverService19CmdControlMotorModeEPKh
                0x0000000008001084       0x2c ./Application/Src/Services/CommandReceiver/CommandReceiver.o
                0x0000000008001084                CommandReceiverService::CmdControlMotorMode(unsigned char const*)
 .text._Z41__static_initialization_and_destruction_0ii
                0x00000000080010b0       0x44 ./Application/Src/Services/CommandReceiver/CommandReceiver.o
 .text._GLOBAL__sub_I_CommandReceiver
                0x00000000080010f4       0x10 ./Application/Src/Services/CommandReceiver/CommandReceiver.o
 .text._GLOBAL__sub_D_CommandReceiver
                0x0000000008001104       0x10 ./Application/Src/Services/CommandReceiver/CommandReceiver.o
 .text._ZN8protocol14packet_encoderC2Ev
                0x0000000008001114       0x22 ./Application/Src/Services/TelemetrySender/TelemetrySender.o
                0x0000000008001114                protocol::packet_encoder::packet_encoder()
                0x0000000008001114                protocol::packet_encoder::packet_encoder()
 .text._ZN8protocol14packet_encoder18get_payload_bufferEv
                0x0000000008001136       0x1a ./Application/Src/Services/TelemetrySender/TelemetrySender.o
                0x0000000008001136                protocol::packet_encoder::get_payload_buffer()
 .text._ZN8protocol14packet_encoder25calc_crc_and_close_packetEh
                0x0000000008001150       0x52 ./Application/Src/Services/TelemetrySender/TelemetrySender.o
                0x0000000008001150                protocol::packet_encoder::calc_crc_and_close_packet(unsigned char)
 .text._ZNK8protocol14packet_encoder16get_packet_bytesEv
                0x00000000080011a2       0x18 ./Application/Src/Services/TelemetrySender/TelemetrySender.o
                0x00000000080011a2                protocol::packet_encoder::get_packet_bytes() const
 .text._ZNK8protocol14packet_encoder16get_total_lengthEv
                0x00000000080011ba       0x1a ./Application/Src/Services/TelemetrySender/TelemetrySender.o
                0x00000000080011ba                protocol::packet_encoder::get_total_length() const
 .text._ZN22TelemetrySenderServiceC2Ev
                0x00000000080011d4       0x1a ./Application/Src/Services/TelemetrySender/TelemetrySender.o
                0x00000000080011d4                TelemetrySenderService::TelemetrySenderService()
                0x00000000080011d4                TelemetrySenderService::TelemetrySenderService()
 .text._ZN22TelemetrySenderServiceD2Ev
                0x00000000080011ee       0x16 ./Application/Src/Services/TelemetrySender/TelemetrySender.o
                0x00000000080011ee                TelemetrySenderService::~TelemetrySenderService()
                0x00000000080011ee                TelemetrySenderService::~TelemetrySenderService()
 .text._ZN22TelemetrySenderService4MainEPv
                0x0000000008001204       0x30 ./Application/Src/Services/TelemetrySender/TelemetrySender.o
                0x0000000008001204                TelemetrySenderService::Main(void*)
 .text._ZN22TelemetrySenderService26SendGeneralTelemetryReportEv
                0x0000000008001234       0x94 ./Application/Src/Services/TelemetrySender/TelemetrySender.o
                0x0000000008001234                TelemetrySenderService::SendGeneralTelemetryReport()
 .text._ZN22TelemetrySenderService15SendMotorReportEv
                0x00000000080012c8       0xd0 ./Application/Src/Services/TelemetrySender/TelemetrySender.o
                0x00000000080012c8                TelemetrySenderService::SendMotorReport()
 .text._ZN22TelemetrySenderService13EncodeAndSendEPKvj
                0x0000000008001398       0x64 ./Application/Src/Services/TelemetrySender/TelemetrySender.o
                0x0000000008001398                TelemetrySenderService::EncodeAndSend(void const*, unsigned int)
 .text.TelemetrySenderTaskMain
                0x00000000080013fc       0x1c ./Application/Src/Services/TelemetrySender/TelemetrySender.o
                0x00000000080013fc                TelemetrySenderTaskMain
 .text._Z41__static_initialization_and_destruction_0ii
                0x0000000008001418       0x44 ./Application/Src/Services/TelemetrySender/TelemetrySender.o
 .text._GLOBAL__sub_I_TelemetrySender
                0x000000000800145c       0x10 ./Application/Src/Services/TelemetrySender/TelemetrySender.o
 .text._GLOBAL__sub_D_TelemetrySender
                0x000000000800146c       0x10 ./Application/Src/Services/TelemetrySender/TelemetrySender.o
 .text.main     0x000000000800147c       0x90 ./Core/Src/main.o
                0x000000000800147c                main
 .text.SystemClock_Config
                0x000000000800150c       0xe4 ./Core/Src/main.o
                0x000000000800150c                SystemClock_Config
 .text.MX_USART3_UART_Init
                0x00000000080015f0       0x60 ./Core/Src/main.o
 .text.MX_USB_OTG_FS_PCD_Init
                0x0000000008001650       0x5c ./Core/Src/main.o
 .text.MX_GPIO_Init
                0x00000000080016ac      0x1cc ./Core/Src/main.o
 .text.DefaultTaskMain
                0x0000000008001878       0x30 ./Core/Src/main.o
                0x0000000008001878                DefaultTaskMain
 .text.HAL_TIM_PeriodElapsedCallback
                0x00000000080018a8       0x24 ./Core/Src/main.o
                0x00000000080018a8                HAL_TIM_PeriodElapsedCallback
 .text.Error_Handler
                0x00000000080018cc        0xa ./Core/Src/main.o
                0x00000000080018cc                Error_Handler
 *fill*         0x00000000080018d6        0x2 
 .text.HAL_MspInit
                0x00000000080018d8       0x50 ./Core/Src/stm32f7xx_hal_msp.o
                0x00000000080018d8                HAL_MspInit
 .text.HAL_UART_MspInit
                0x0000000008001928       0xd0 ./Core/Src/stm32f7xx_hal_msp.o
                0x0000000008001928                HAL_UART_MspInit
 .text.HAL_PCD_MspInit
                0x00000000080019f8       0xf4 ./Core/Src/stm32f7xx_hal_msp.o
                0x00000000080019f8                HAL_PCD_MspInit
 .text.HAL_InitTick
                0x0000000008001aec       0xf4 ./Core/Src/stm32f7xx_hal_timebase_tim.o
                0x0000000008001aec                HAL_InitTick
 .text.NMI_Handler
                0x0000000008001be0        0x6 ./Core/Src/stm32f7xx_it.o
                0x0000000008001be0                NMI_Handler
 .text.HardFault_Handler
                0x0000000008001be6        0x6 ./Core/Src/stm32f7xx_it.o
                0x0000000008001be6                HardFault_Handler
 .text.MemManage_Handler
                0x0000000008001bec        0x6 ./Core/Src/stm32f7xx_it.o
                0x0000000008001bec                MemManage_Handler
 .text.BusFault_Handler
                0x0000000008001bf2        0x6 ./Core/Src/stm32f7xx_it.o
                0x0000000008001bf2                BusFault_Handler
 .text.UsageFault_Handler
                0x0000000008001bf8        0x6 ./Core/Src/stm32f7xx_it.o
                0x0000000008001bf8                UsageFault_Handler
 .text.DebugMon_Handler
                0x0000000008001bfe        0xe ./Core/Src/stm32f7xx_it.o
                0x0000000008001bfe                DebugMon_Handler
 .text.USART3_IRQHandler
                0x0000000008001c0c       0x14 ./Core/Src/stm32f7xx_it.o
                0x0000000008001c0c                USART3_IRQHandler
 .text.TIM7_IRQHandler
                0x0000000008001c20       0x14 ./Core/Src/stm32f7xx_it.o
                0x0000000008001c20                TIM7_IRQHandler
 .text._getpid  0x0000000008001c34       0x10 ./Core/Src/syscalls.o
                0x0000000008001c34                _getpid
 .text._kill    0x0000000008001c44       0x20 ./Core/Src/syscalls.o
                0x0000000008001c44                _kill
 .text._exit    0x0000000008001c64       0x14 ./Core/Src/syscalls.o
                0x0000000008001c64                _exit
 .text.SystemInit
                0x0000000008001c78       0x24 ./Core/Src/system_stm32f7xx.o
                0x0000000008001c78                SystemInit
 .text.Reset_Handler
                0x0000000008001c9c       0x50 ./Core/Startup/startup_stm32f767zitx.o
                0x0000000008001c9c                Reset_Handler
 .text.Default_Handler
                0x0000000008001cec        0x2 ./Core/Startup/startup_stm32f767zitx.o
                0x0000000008001cec                RTC_Alarm_IRQHandler
                0x0000000008001cec                EXTI2_IRQHandler
                0x0000000008001cec                TIM8_CC_IRQHandler
                0x0000000008001cec                UART8_IRQHandler
                0x0000000008001cec                SPI4_IRQHandler
                0x0000000008001cec                TIM1_CC_IRQHandler
                0x0000000008001cec                DMA2_Stream5_IRQHandler
                0x0000000008001cec                JPEG_IRQHandler
                0x0000000008001cec                DMA1_Stream5_IRQHandler
                0x0000000008001cec                CAN3_RX1_IRQHandler
                0x0000000008001cec                PVD_IRQHandler
                0x0000000008001cec                TAMP_STAMP_IRQHandler
                0x0000000008001cec                CAN2_RX1_IRQHandler
                0x0000000008001cec                EXTI3_IRQHandler
                0x0000000008001cec                TIM8_TRG_COM_TIM14_IRQHandler
                0x0000000008001cec                DFSDM1_FLT1_IRQHandler
                0x0000000008001cec                TIM1_UP_TIM10_IRQHandler
                0x0000000008001cec                TIM8_UP_TIM13_IRQHandler
                0x0000000008001cec                I2C3_ER_IRQHandler
                0x0000000008001cec                DFSDM1_FLT2_IRQHandler
                0x0000000008001cec                EXTI0_IRQHandler
                0x0000000008001cec                I2C2_EV_IRQHandler
                0x0000000008001cec                DMA1_Stream2_IRQHandler
                0x0000000008001cec                CAN1_RX0_IRQHandler
                0x0000000008001cec                FPU_IRQHandler
                0x0000000008001cec                OTG_HS_WKUP_IRQHandler
                0x0000000008001cec                CAN3_SCE_IRQHandler
                0x0000000008001cec                LTDC_ER_IRQHandler
                0x0000000008001cec                CAN2_SCE_IRQHandler
                0x0000000008001cec                DMA2_Stream2_IRQHandler
                0x0000000008001cec                SPI1_IRQHandler
                0x0000000008001cec                TIM6_DAC_IRQHandler
                0x0000000008001cec                TIM1_BRK_TIM9_IRQHandler
                0x0000000008001cec                DCMI_IRQHandler
                0x0000000008001cec                CAN2_RX0_IRQHandler
                0x0000000008001cec                DMA2_Stream3_IRQHandler
                0x0000000008001cec                SAI2_IRQHandler
                0x0000000008001cec                DFSDM1_FLT3_IRQHandler
                0x0000000008001cec                USART6_IRQHandler
                0x0000000008001cec                CAN3_RX0_IRQHandler
                0x0000000008001cec                CAN1_RX1_IRQHandler
                0x0000000008001cec                UART5_IRQHandler
                0x0000000008001cec                DMA2_Stream0_IRQHandler
                0x0000000008001cec                TIM4_IRQHandler
                0x0000000008001cec                QUADSPI_IRQHandler
                0x0000000008001cec                I2C1_EV_IRQHandler
                0x0000000008001cec                DMA1_Stream6_IRQHandler
                0x0000000008001cec                DMA1_Stream1_IRQHandler
                0x0000000008001cec                UART4_IRQHandler
                0x0000000008001cec                TIM3_IRQHandler
                0x0000000008001cec                RCC_IRQHandler
                0x0000000008001cec                TIM8_BRK_TIM12_IRQHandler
                0x0000000008001cec                Default_Handler
                0x0000000008001cec                CEC_IRQHandler
                0x0000000008001cec                EXTI15_10_IRQHandler
                0x0000000008001cec                ADC_IRQHandler
                0x0000000008001cec                DMA1_Stream7_IRQHandler
                0x0000000008001cec                SPI5_IRQHandler
                0x0000000008001cec                SDMMC1_IRQHandler
                0x0000000008001cec                CAN2_TX_IRQHandler
                0x0000000008001cec                TIM5_IRQHandler
                0x0000000008001cec                DMA2_Stream7_IRQHandler
                0x0000000008001cec                I2C3_EV_IRQHandler
                0x0000000008001cec                EXTI9_5_IRQHandler
                0x0000000008001cec                RTC_WKUP_IRQHandler
                0x0000000008001cec                LTDC_IRQHandler
                0x0000000008001cec                ETH_WKUP_IRQHandler
                0x0000000008001cec                SPDIF_RX_IRQHandler
                0x0000000008001cec                SPI2_IRQHandler
                0x0000000008001cec                OTG_HS_EP1_IN_IRQHandler
                0x0000000008001cec                DMA1_Stream0_IRQHandler
                0x0000000008001cec                CAN1_TX_IRQHandler
                0x0000000008001cec                EXTI4_IRQHandler
                0x0000000008001cec                RNG_IRQHandler
                0x0000000008001cec                ETH_IRQHandler
                0x0000000008001cec                OTG_HS_EP1_OUT_IRQHandler
                0x0000000008001cec                WWDG_IRQHandler
                0x0000000008001cec                SPI6_IRQHandler
                0x0000000008001cec                MDIOS_IRQHandler
                0x0000000008001cec                I2C4_EV_IRQHandler
                0x0000000008001cec                CAN3_TX_IRQHandler
                0x0000000008001cec                TIM2_IRQHandler
                0x0000000008001cec                OTG_FS_WKUP_IRQHandler
                0x0000000008001cec                TIM1_TRG_COM_TIM11_IRQHandler
                0x0000000008001cec                OTG_HS_IRQHandler
                0x0000000008001cec                DMA2D_IRQHandler
                0x0000000008001cec                EXTI1_IRQHandler
                0x0000000008001cec                SDMMC2_IRQHandler
                0x0000000008001cec                UART7_IRQHandler
                0x0000000008001cec                USART2_IRQHandler
                0x0000000008001cec                DFSDM1_FLT0_IRQHandler
                0x0000000008001cec                I2C2_ER_IRQHandler
                0x0000000008001cec                DMA2_Stream1_IRQHandler
                0x0000000008001cec                CAN1_SCE_IRQHandler
                0x0000000008001cec                FLASH_IRQHandler
                0x0000000008001cec                DMA2_Stream4_IRQHandler
                0x0000000008001cec                USART1_IRQHandler
                0x0000000008001cec                OTG_FS_IRQHandler
                0x0000000008001cec                SPI3_IRQHandler
                0x0000000008001cec                DMA1_Stream4_IRQHandler
                0x0000000008001cec                I2C1_ER_IRQHandler
                0x0000000008001cec                FMC_IRQHandler
                0x0000000008001cec                LPTIM1_IRQHandler
                0x0000000008001cec                I2C4_ER_IRQHandler
                0x0000000008001cec                DMA2_Stream6_IRQHandler
                0x0000000008001cec                SAI1_IRQHandler
                0x0000000008001cec                DMA1_Stream3_IRQHandler
 .text.HAL_Init
                0x0000000008001cee       0x1a ./Drivers/STM32F7xx_HAL_Driver/Src/stm32f7xx_hal.o
                0x0000000008001cee                HAL_Init
 .text.HAL_IncTick
                0x0000000008001d08       0x28 ./Drivers/STM32F7xx_HAL_Driver/Src/stm32f7xx_hal.o
                0x0000000008001d08                HAL_IncTick
 .text.HAL_GetTick
                0x0000000008001d30       0x18 ./Drivers/STM32F7xx_HAL_Driver/Src/stm32f7xx_hal.o
                0x0000000008001d30                HAL_GetTick
 .text.HAL_Delay
                0x0000000008001d48       0x48 ./Drivers/STM32F7xx_HAL_Driver/Src/stm32f7xx_hal.o
                0x0000000008001d48                HAL_Delay
 .text.__NVIC_SetPriorityGrouping
                0x0000000008001d90       0x48 ./Drivers/STM32F7xx_HAL_Driver/Src/stm32f7xx_hal_cortex.o
 .text.__NVIC_GetPriorityGrouping
                0x0000000008001dd8       0x1c ./Drivers/STM32F7xx_HAL_Driver/Src/stm32f7xx_hal_cortex.o
 .text.__NVIC_EnableIRQ
                0x0000000008001df4       0x3c ./Drivers/STM32F7xx_HAL_Driver/Src/stm32f7xx_hal_cortex.o
 .text.__NVIC_SetPriority
                0x0000000008001e30       0x54 ./Drivers/STM32F7xx_HAL_Driver/Src/stm32f7xx_hal_cortex.o
 .text.NVIC_EncodePriority
                0x0000000008001e84       0x66 ./Drivers/STM32F7xx_HAL_Driver/Src/stm32f7xx_hal_cortex.o
 .text.HAL_NVIC_SetPriorityGrouping
                0x0000000008001eea       0x16 ./Drivers/STM32F7xx_HAL_Driver/Src/stm32f7xx_hal_cortex.o
                0x0000000008001eea                HAL_NVIC_SetPriorityGrouping
 .text.HAL_NVIC_SetPriority
                0x0000000008001f00       0x38 ./Drivers/STM32F7xx_HAL_Driver/Src/stm32f7xx_hal_cortex.o
                0x0000000008001f00                HAL_NVIC_SetPriority
 .text.HAL_NVIC_EnableIRQ
                0x0000000008001f38       0x1c ./Drivers/STM32F7xx_HAL_Driver/Src/stm32f7xx_hal_cortex.o
                0x0000000008001f38                HAL_NVIC_EnableIRQ
 .text.HAL_DMA_Abort
                0x0000000008001f54       0xe0 ./Drivers/STM32F7xx_HAL_Driver/Src/stm32f7xx_hal_dma.o
                0x0000000008001f54                HAL_DMA_Abort
 .text.HAL_DMA_Abort_IT
                0x0000000008002034       0x44 ./Drivers/STM32F7xx_HAL_Driver/Src/stm32f7xx_hal_dma.o
                0x0000000008002034                HAL_DMA_Abort_IT
 .text.HAL_GPIO_Init
                0x0000000008002078      0x358 ./Drivers/STM32F7xx_HAL_Driver/Src/stm32f7xx_hal_gpio.o
                0x0000000008002078                HAL_GPIO_Init
 .text.HAL_GPIO_WritePin
                0x00000000080023d0       0x32 ./Drivers/STM32F7xx_HAL_Driver/Src/stm32f7xx_hal_gpio.o
                0x00000000080023d0                HAL_GPIO_WritePin
 .text.HAL_PCD_Init
                0x0000000008002402      0x248 ./Drivers/STM32F7xx_HAL_Driver/Src/stm32f7xx_hal_pcd.o
                0x0000000008002402                HAL_PCD_Init
 *fill*         0x000000000800264a        0x2 
 .text.HAL_PCDEx_ActivateLPM
                0x000000000800264c       0x48 ./Drivers/STM32F7xx_HAL_Driver/Src/stm32f7xx_hal_pcd_ex.o
                0x000000000800264c                HAL_PCDEx_ActivateLPM
 .text.HAL_PWR_EnableBkUpAccess
                0x0000000008002694       0x20 ./Drivers/STM32F7xx_HAL_Driver/Src/stm32f7xx_hal_pwr.o
                0x0000000008002694                HAL_PWR_EnableBkUpAccess
 .text.HAL_PWREx_EnableOverDrive
                0x00000000080026b4       0xa0 ./Drivers/STM32F7xx_HAL_Driver/Src/stm32f7xx_hal_pwr_ex.o
                0x00000000080026b4                HAL_PWREx_EnableOverDrive
 .text.HAL_RCC_OscConfig
                0x0000000008002754      0x55c ./Drivers/STM32F7xx_HAL_Driver/Src/stm32f7xx_hal_rcc.o
                0x0000000008002754                HAL_RCC_OscConfig
 .text.HAL_RCC_ClockConfig
                0x0000000008002cb0      0x1d8 ./Drivers/STM32F7xx_HAL_Driver/Src/stm32f7xx_hal_rcc.o
                0x0000000008002cb0                HAL_RCC_ClockConfig
 .text.HAL_RCC_GetSysClockFreq
                0x0000000008002e88      0x20c ./Drivers/STM32F7xx_HAL_Driver/Src/stm32f7xx_hal_rcc.o
                0x0000000008002e88                HAL_RCC_GetSysClockFreq
 .text.HAL_RCC_GetHCLKFreq
                0x0000000008003094       0x18 ./Drivers/STM32F7xx_HAL_Driver/Src/stm32f7xx_hal_rcc.o
                0x0000000008003094                HAL_RCC_GetHCLKFreq
 .text.HAL_RCC_GetPCLK1Freq
                0x00000000080030ac       0x28 ./Drivers/STM32F7xx_HAL_Driver/Src/stm32f7xx_hal_rcc.o
                0x00000000080030ac                HAL_RCC_GetPCLK1Freq
 .text.HAL_RCC_GetPCLK2Freq
                0x00000000080030d4       0x28 ./Drivers/STM32F7xx_HAL_Driver/Src/stm32f7xx_hal_rcc.o
                0x00000000080030d4                HAL_RCC_GetPCLK2Freq
 .text.HAL_RCC_GetClockConfig
                0x00000000080030fc       0x64 ./Drivers/STM32F7xx_HAL_Driver/Src/stm32f7xx_hal_rcc.o
                0x00000000080030fc                HAL_RCC_GetClockConfig
 .text.HAL_RCCEx_PeriphCLKConfig
                0x0000000008003160      0x850 ./Drivers/STM32F7xx_HAL_Driver/Src/stm32f7xx_hal_rcc_ex.o
                0x0000000008003160                HAL_RCCEx_PeriphCLKConfig
 .text.HAL_TIM_Base_Init
                0x00000000080039b0       0xae ./Drivers/STM32F7xx_HAL_Driver/Src/stm32f7xx_hal_tim.o
                0x00000000080039b0                HAL_TIM_Base_Init
 .text.HAL_TIM_Base_MspInit
                0x0000000008003a5e       0x14 ./Drivers/STM32F7xx_HAL_Driver/Src/stm32f7xx_hal_tim.o
                0x0000000008003a5e                HAL_TIM_Base_MspInit
 *fill*         0x0000000008003a72        0x2 
 .text.HAL_TIM_Base_Start_IT
                0x0000000008003a74       0xf0 ./Drivers/STM32F7xx_HAL_Driver/Src/stm32f7xx_hal_tim.o
                0x0000000008003a74                HAL_TIM_Base_Start_IT
 .text.HAL_TIM_IRQHandler
                0x0000000008003b64      0x23e ./Drivers/STM32F7xx_HAL_Driver/Src/stm32f7xx_hal_tim.o
                0x0000000008003b64                HAL_TIM_IRQHandler
 .text.HAL_TIM_OC_DelayElapsedCallback
                0x0000000008003da2       0x14 ./Drivers/STM32F7xx_HAL_Driver/Src/stm32f7xx_hal_tim.o
                0x0000000008003da2                HAL_TIM_OC_DelayElapsedCallback
 .text.HAL_TIM_IC_CaptureCallback
                0x0000000008003db6       0x14 ./Drivers/STM32F7xx_HAL_Driver/Src/stm32f7xx_hal_tim.o
                0x0000000008003db6                HAL_TIM_IC_CaptureCallback
 .text.HAL_TIM_PWM_PulseFinishedCallback
                0x0000000008003dca       0x14 ./Drivers/STM32F7xx_HAL_Driver/Src/stm32f7xx_hal_tim.o
                0x0000000008003dca                HAL_TIM_PWM_PulseFinishedCallback
 .text.HAL_TIM_TriggerCallback
                0x0000000008003dde       0x14 ./Drivers/STM32F7xx_HAL_Driver/Src/stm32f7xx_hal_tim.o
                0x0000000008003dde                HAL_TIM_TriggerCallback
 *fill*         0x0000000008003df2        0x2 
 .text.TIM_Base_SetConfig
                0x0000000008003df4      0x140 ./Drivers/STM32F7xx_HAL_Driver/Src/stm32f7xx_hal_tim.o
                0x0000000008003df4                TIM_Base_SetConfig
 .text.HAL_TIMEx_CommutCallback
                0x0000000008003f34       0x14 ./Drivers/STM32F7xx_HAL_Driver/Src/stm32f7xx_hal_tim_ex.o
                0x0000000008003f34                HAL_TIMEx_CommutCallback
 .text.HAL_TIMEx_BreakCallback
                0x0000000008003f48       0x14 ./Drivers/STM32F7xx_HAL_Driver/Src/stm32f7xx_hal_tim_ex.o
                0x0000000008003f48                HAL_TIMEx_BreakCallback
 .text.HAL_TIMEx_Break2Callback
                0x0000000008003f5c       0x14 ./Drivers/STM32F7xx_HAL_Driver/Src/stm32f7xx_hal_tim_ex.o
                0x0000000008003f5c                HAL_TIMEx_Break2Callback
 .text.HAL_UART_Init
                0x0000000008003f70       0x9c ./Drivers/STM32F7xx_HAL_Driver/Src/stm32f7xx_hal_uart.o
                0x0000000008003f70                HAL_UART_Init
 .text.HAL_UART_Transmit_IT
                0x000000000800400c       0xbc ./Drivers/STM32F7xx_HAL_Driver/Src/stm32f7xx_hal_uart.o
                0x000000000800400c                HAL_UART_Transmit_IT
 .text.HAL_UART_Receive_IT
                0x00000000080040c8       0x88 ./Drivers/STM32F7xx_HAL_Driver/Src/stm32f7xx_hal_uart.o
                0x00000000080040c8                HAL_UART_Receive_IT
 .text.HAL_UART_IRQHandler
                0x0000000008004150      0x5d0 ./Drivers/STM32F7xx_HAL_Driver/Src/stm32f7xx_hal_uart.o
                0x0000000008004150                HAL_UART_IRQHandler
 .text.HAL_UART_TxCpltCallback
                0x0000000008004720       0x14 ./Drivers/STM32F7xx_HAL_Driver/Src/stm32f7xx_hal_uart.o
                0x0000000008004720                HAL_UART_TxCpltCallback
 .text.HAL_UART_ErrorCallback
                0x0000000008004734       0x14 ./Drivers/STM32F7xx_HAL_Driver/Src/stm32f7xx_hal_uart.o
                0x0000000008004734                HAL_UART_ErrorCallback
 .text.HAL_UARTEx_RxEventCallback
                0x0000000008004748       0x18 ./Drivers/STM32F7xx_HAL_Driver/Src/stm32f7xx_hal_uart.o
                0x0000000008004748                HAL_UARTEx_RxEventCallback
 .text.HAL_UARTEx_WakeupCallback
                0x0000000008004760       0x14 ./Drivers/STM32F7xx_HAL_Driver/Src/stm32f7xx_hal_uart.o
                0x0000000008004760                HAL_UARTEx_WakeupCallback
 .text.UART_SetConfig
                0x0000000008004774      0x4c8 ./Drivers/STM32F7xx_HAL_Driver/Src/stm32f7xx_hal_uart.o
                0x0000000008004774                UART_SetConfig
 .text.UART_AdvFeatureConfig
                0x0000000008004c3c      0x144 ./Drivers/STM32F7xx_HAL_Driver/Src/stm32f7xx_hal_uart.o
                0x0000000008004c3c                UART_AdvFeatureConfig
 .text.UART_CheckIdleState
                0x0000000008004d80       0x9a ./Drivers/STM32F7xx_HAL_Driver/Src/stm32f7xx_hal_uart.o
                0x0000000008004d80                UART_CheckIdleState
 .text.UART_WaitOnFlagUntilTimeout
                0x0000000008004e1a      0x18c ./Drivers/STM32F7xx_HAL_Driver/Src/stm32f7xx_hal_uart.o
                0x0000000008004e1a                UART_WaitOnFlagUntilTimeout
 *fill*         0x0000000008004fa6        0x2 
 .text.UART_Start_Receive_IT
                0x0000000008004fa8      0x18c ./Drivers/STM32F7xx_HAL_Driver/Src/stm32f7xx_hal_uart.o
                0x0000000008004fa8                UART_Start_Receive_IT
 .text.UART_EndRxTransfer
                0x0000000008005134       0xc8 ./Drivers/STM32F7xx_HAL_Driver/Src/stm32f7xx_hal_uart.o
 .text.UART_DMAAbortOnError
                0x00000000080051fc       0x2c ./Drivers/STM32F7xx_HAL_Driver/Src/stm32f7xx_hal_uart.o
 .text.UART_TxISR_8BIT
                0x0000000008005228       0xb6 ./Drivers/STM32F7xx_HAL_Driver/Src/stm32f7xx_hal_uart.o
 .text.UART_TxISR_16BIT
                0x00000000080052de       0xc0 ./Drivers/STM32F7xx_HAL_Driver/Src/stm32f7xx_hal_uart.o
 .text.UART_EndTransmit_IT
                0x000000000800539e       0x54 ./Drivers/STM32F7xx_HAL_Driver/Src/stm32f7xx_hal_uart.o
 .text.UART_RxISR_8BIT
                0x00000000080053f2      0x166 ./Drivers/STM32F7xx_HAL_Driver/Src/stm32f7xx_hal_uart.o
 .text.UART_RxISR_16BIT
                0x0000000008005558      0x166 ./Drivers/STM32F7xx_HAL_Driver/Src/stm32f7xx_hal_uart.o
 *fill*         0x00000000080056be        0x2 
 .text.USB_CoreInit
                0x00000000080056c0       0xb0 ./Drivers/STM32F7xx_HAL_Driver/Src/stm32f7xx_ll_usb.o
                0x00000000080056c0                USB_CoreInit
 .text.USB_DisableGlobalInt
                0x0000000008005770       0x22 ./Drivers/STM32F7xx_HAL_Driver/Src/stm32f7xx_ll_usb.o
                0x0000000008005770                USB_DisableGlobalInt
 .text.USB_SetCurrentMode
                0x0000000008005792       0x98 ./Drivers/STM32F7xx_HAL_Driver/Src/stm32f7xx_ll_usb.o
                0x0000000008005792                USB_SetCurrentMode
 *fill*         0x000000000800582a        0x2 
 .text.USB_DevInit
                0x000000000800582c      0x2bc ./Drivers/STM32F7xx_HAL_Driver/Src/stm32f7xx_ll_usb.o
                0x000000000800582c                USB_DevInit
 .text.USB_FlushTxFifo
                0x0000000008005ae8       0x68 ./Drivers/STM32F7xx_HAL_Driver/Src/stm32f7xx_ll_usb.o
                0x0000000008005ae8                USB_FlushTxFifo
 .text.USB_FlushRxFifo
                0x0000000008005b50       0x60 ./Drivers/STM32F7xx_HAL_Driver/Src/stm32f7xx_ll_usb.o
                0x0000000008005b50                USB_FlushRxFifo
 .text.USB_SetDevSpeed
                0x0000000008005bb0       0x32 ./Drivers/STM32F7xx_HAL_Driver/Src/stm32f7xx_ll_usb.o
                0x0000000008005bb0                USB_SetDevSpeed
 .text.USB_DevDisconnect
                0x0000000008005be2       0x42 ./Drivers/STM32F7xx_HAL_Driver/Src/stm32f7xx_ll_usb.o
                0x0000000008005be2                USB_DevDisconnect
 .text.USB_GetMode
                0x0000000008005c24       0x1c ./Drivers/STM32F7xx_HAL_Driver/Src/stm32f7xx_ll_usb.o
                0x0000000008005c24                USB_GetMode
 .text.USB_CoreReset
                0x0000000008005c40       0x68 ./Drivers/STM32F7xx_HAL_Driver/Src/stm32f7xx_ll_usb.o
 .text.SVC_Setup
                0x0000000008005ca8        0xe ./Middlewares/Third_Party/FreeRTOS/Source/CMSIS_RTOS_V2/cmsis_os2.o
 *fill*         0x0000000008005cb6        0x2 
 .text.osKernelInitialize
                0x0000000008005cb8       0x68 ./Middlewares/Third_Party/FreeRTOS/Source/CMSIS_RTOS_V2/cmsis_os2.o
                0x0000000008005cb8                osKernelInitialize
 .text.osKernelStart
                0x0000000008005d20       0x6c ./Middlewares/Third_Party/FreeRTOS/Source/CMSIS_RTOS_V2/cmsis_os2.o
                0x0000000008005d20                osKernelStart
 .text.osThreadNew
                0x0000000008005d8c      0x14c ./Middlewares/Third_Party/FreeRTOS/Source/CMSIS_RTOS_V2/cmsis_os2.o
                0x0000000008005d8c                osThreadNew
 .text.osDelay  0x0000000008005ed8       0x5c ./Middlewares/Third_Party/FreeRTOS/Source/CMSIS_RTOS_V2/cmsis_os2.o
                0x0000000008005ed8                osDelay
 .text.osMessageQueueNew
                0x0000000008005f34      0x10c ./Middlewares/Third_Party/FreeRTOS/Source/CMSIS_RTOS_V2/cmsis_os2.o
                0x0000000008005f34                osMessageQueueNew
 .text.osMessageQueuePut
                0x0000000008006040       0xe8 ./Middlewares/Third_Party/FreeRTOS/Source/CMSIS_RTOS_V2/cmsis_os2.o
                0x0000000008006040                osMessageQueuePut
 .text.osMessageQueueGet
                0x0000000008006128       0xe4 ./Middlewares/Third_Party/FreeRTOS/Source/CMSIS_RTOS_V2/cmsis_os2.o
                0x0000000008006128                osMessageQueueGet
 .text.vApplicationGetIdleTaskMemory
                0x000000000800620c       0x34 ./Middlewares/Third_Party/FreeRTOS/Source/CMSIS_RTOS_V2/cmsis_os2.o
                0x000000000800620c                vApplicationGetIdleTaskMemory
 .text.vApplicationGetTimerTaskMemory
                0x0000000008006240       0x34 ./Middlewares/Third_Party/FreeRTOS/Source/CMSIS_RTOS_V2/cmsis_os2.o
                0x0000000008006240                vApplicationGetTimerTaskMemory
 .text.vListInitialise
                0x0000000008006274       0x40 ./Middlewares/Third_Party/FreeRTOS/Source/list.o
                0x0000000008006274                vListInitialise
 .text.vListInitialiseItem
                0x00000000080062b4       0x1a ./Middlewares/Third_Party/FreeRTOS/Source/list.o
                0x00000000080062b4                vListInitialiseItem
 .text.vListInsertEnd
                0x00000000080062ce       0x48 ./Middlewares/Third_Party/FreeRTOS/Source/list.o
                0x00000000080062ce                vListInsertEnd
 .text.vListInsert
                0x0000000008006316       0x72 ./Middlewares/Third_Party/FreeRTOS/Source/list.o
                0x0000000008006316                vListInsert
 .text.uxListRemove
                0x0000000008006388       0x54 ./Middlewares/Third_Party/FreeRTOS/Source/list.o
                0x0000000008006388                uxListRemove
 .text.xQueueGenericReset
                0x00000000080063dc       0xd4 ./Middlewares/Third_Party/FreeRTOS/Source/queue.o
                0x00000000080063dc                xQueueGenericReset
 .text.xQueueGenericCreateStatic
                0x00000000080064b0      0x104 ./Middlewares/Third_Party/FreeRTOS/Source/queue.o
                0x00000000080064b0                xQueueGenericCreateStatic
 .text.xQueueGenericCreate
                0x00000000080065b4       0x84 ./Middlewares/Third_Party/FreeRTOS/Source/queue.o
                0x00000000080065b4                xQueueGenericCreate
 .text.prvInitialiseNewQueue
                0x0000000008006638       0x46 ./Middlewares/Third_Party/FreeRTOS/Source/queue.o
 *fill*         0x000000000800667e        0x2 
 .text.xQueueGenericSend
                0x0000000008006680      0x20c ./Middlewares/Third_Party/FreeRTOS/Source/queue.o
                0x0000000008006680                xQueueGenericSend
 .text.xQueueGenericSendFromISR
                0x000000000800688c      0x140 ./Middlewares/Third_Party/FreeRTOS/Source/queue.o
                0x000000000800688c                xQueueGenericSendFromISR
 .text.xQueueReceive
                0x00000000080069cc      0x1cc ./Middlewares/Third_Party/FreeRTOS/Source/queue.o
                0x00000000080069cc                xQueueReceive
 .text.xQueueReceiveFromISR
                0x0000000008006b98      0x10c ./Middlewares/Third_Party/FreeRTOS/Source/queue.o
                0x0000000008006b98                xQueueReceiveFromISR
 .text.prvCopyDataToQueue
                0x0000000008006ca4       0xd4 ./Middlewares/Third_Party/FreeRTOS/Source/queue.o
 .text.prvCopyDataFromQueue
                0x0000000008006d78       0x4c ./Middlewares/Third_Party/FreeRTOS/Source/queue.o
 .text.prvUnlockQueue
                0x0000000008006dc4       0xa4 ./Middlewares/Third_Party/FreeRTOS/Source/queue.o
 .text.prvIsQueueEmpty
                0x0000000008006e68       0x2c ./Middlewares/Third_Party/FreeRTOS/Source/queue.o
 .text.prvIsQueueFull
                0x0000000008006e94       0x30 ./Middlewares/Third_Party/FreeRTOS/Source/queue.o
 .text.vQueueAddToRegistry
                0x0000000008006ec4       0x54 ./Middlewares/Third_Party/FreeRTOS/Source/queue.o
                0x0000000008006ec4                vQueueAddToRegistry
 .text.vQueueWaitForMessageRestricted
                0x0000000008006f18       0x68 ./Middlewares/Third_Party/FreeRTOS/Source/queue.o
                0x0000000008006f18                vQueueWaitForMessageRestricted
 .text.xTaskCreateStatic
                0x0000000008006f80       0xc6 ./Middlewares/Third_Party/FreeRTOS/Source/tasks.o
                0x0000000008006f80                xTaskCreateStatic
 .text.xTaskCreate
                0x0000000008007046       0x8a ./Middlewares/Third_Party/FreeRTOS/Source/tasks.o
                0x0000000008007046                xTaskCreate
 .text.prvInitialiseNewTask
                0x00000000080070d0      0x150 ./Middlewares/Third_Party/FreeRTOS/Source/tasks.o
 .text.prvAddNewTaskToReadyList
                0x0000000008007220       0xe0 ./Middlewares/Third_Party/FreeRTOS/Source/tasks.o
 .text.vTaskDelay
                0x0000000008007300       0x6c ./Middlewares/Third_Party/FreeRTOS/Source/tasks.o
                0x0000000008007300                vTaskDelay
 .text.vTaskStartScheduler
                0x000000000800736c       0xe8 ./Middlewares/Third_Party/FreeRTOS/Source/tasks.o
                0x000000000800736c                vTaskStartScheduler
 .text.vTaskSuspendAll
                0x0000000008007454       0x1c ./Middlewares/Third_Party/FreeRTOS/Source/tasks.o
                0x0000000008007454                vTaskSuspendAll
 .text.xTaskResumeAll
                0x0000000008007470      0x140 ./Middlewares/Third_Party/FreeRTOS/Source/tasks.o
                0x0000000008007470                xTaskResumeAll
 .text.xTaskGetTickCount
                0x00000000080075b0       0x20 ./Middlewares/Third_Party/FreeRTOS/Source/tasks.o
                0x00000000080075b0                xTaskGetTickCount
 .text.xTaskIncrementTick
                0x00000000080075d0      0x178 ./Middlewares/Third_Party/FreeRTOS/Source/tasks.o
                0x00000000080075d0                xTaskIncrementTick
 .text.vTaskSwitchContext
                0x0000000008007748       0xcc ./Middlewares/Third_Party/FreeRTOS/Source/tasks.o
                0x0000000008007748                vTaskSwitchContext
 .text.vTaskPlaceOnEventList
                0x0000000008007814       0x4c ./Middlewares/Third_Party/FreeRTOS/Source/tasks.o
                0x0000000008007814                vTaskPlaceOnEventList
 .text.vTaskPlaceOnEventListRestricted
                0x0000000008007860       0x5c ./Middlewares/Third_Party/FreeRTOS/Source/tasks.o
                0x0000000008007860                vTaskPlaceOnEventListRestricted
 .text.xTaskRemoveFromEventList
                0x00000000080078bc       0xcc ./Middlewares/Third_Party/FreeRTOS/Source/tasks.o
                0x00000000080078bc                xTaskRemoveFromEventList
 .text.vTaskInternalSetTimeOutState
                0x0000000008007988       0x2c ./Middlewares/Third_Party/FreeRTOS/Source/tasks.o
                0x0000000008007988                vTaskInternalSetTimeOutState
 .text.xTaskCheckForTimeOut
                0x00000000080079b4       0xcc ./Middlewares/Third_Party/FreeRTOS/Source/tasks.o
                0x00000000080079b4                xTaskCheckForTimeOut
 .text.vTaskMissedYield
                0x0000000008007a80       0x18 ./Middlewares/Third_Party/FreeRTOS/Source/tasks.o
                0x0000000008007a80                vTaskMissedYield
 .text.prvIdleTask
                0x0000000008007a98       0x30 ./Middlewares/Third_Party/FreeRTOS/Source/tasks.o
 .text.prvInitialiseTaskLists
                0x0000000008007ac8       0x80 ./Middlewares/Third_Party/FreeRTOS/Source/tasks.o
 .text.prvCheckTasksWaitingTermination
                0x0000000008007b48       0x5c ./Middlewares/Third_Party/FreeRTOS/Source/tasks.o
 .text.prvDeleteTCB
                0x0000000008007ba4       0x6c ./Middlewares/Third_Party/FreeRTOS/Source/tasks.o
 .text.prvResetNextTaskUnblockTime
                0x0000000008007c10       0x40 ./Middlewares/Third_Party/FreeRTOS/Source/tasks.o
 .text.xTaskGetSchedulerState
                0x0000000008007c50       0x3c ./Middlewares/Third_Party/FreeRTOS/Source/tasks.o
                0x0000000008007c50                xTaskGetSchedulerState
 .text.xTaskPriorityDisinherit
                0x0000000008007c8c       0xe4 ./Middlewares/Third_Party/FreeRTOS/Source/tasks.o
                0x0000000008007c8c                xTaskPriorityDisinherit
 .text.prvAddCurrentTaskToDelayedList
                0x0000000008007d70       0xa8 ./Middlewares/Third_Party/FreeRTOS/Source/tasks.o
 .text.xTimerCreateTimerTask
                0x0000000008007e18       0x94 ./Middlewares/Third_Party/FreeRTOS/Source/timers.o
                0x0000000008007e18                xTimerCreateTimerTask
 .text.xTimerGenericCommand
                0x0000000008007eac       0xa0 ./Middlewares/Third_Party/FreeRTOS/Source/timers.o
                0x0000000008007eac                xTimerGenericCommand
 .text.prvProcessExpiredTimer
                0x0000000008007f4c       0x9c ./Middlewares/Third_Party/FreeRTOS/Source/timers.o
 .text.prvTimerTask
                0x0000000008007fe8       0x24 ./Middlewares/Third_Party/FreeRTOS/Source/timers.o
 .text.prvProcessTimerOrBlockTask
                0x000000000800800c       0x9c ./Middlewares/Third_Party/FreeRTOS/Source/timers.o
 .text.prvGetNextExpireTime
                0x00000000080080a8       0x48 ./Middlewares/Third_Party/FreeRTOS/Source/timers.o
 .text.prvSampleTimeNow
                0x00000000080080f0       0x40 ./Middlewares/Third_Party/FreeRTOS/Source/timers.o
 .text.prvInsertTimerInActiveList
                0x0000000008008130       0x84 ./Middlewares/Third_Party/FreeRTOS/Source/timers.o
 .text.prvProcessReceivedCommands
                0x00000000080081b4      0x1d0 ./Middlewares/Third_Party/FreeRTOS/Source/timers.o
 .text.prvSwitchTimerLists
                0x0000000008008384       0xcc ./Middlewares/Third_Party/FreeRTOS/Source/timers.o
 .text.prvCheckForValidListAndQueue
                0x0000000008008450       0x80 ./Middlewares/Third_Party/FreeRTOS/Source/timers.o
 .text.pxPortInitialiseStack
                0x00000000080084d0       0x68 ./Middlewares/Third_Party/FreeRTOS/Source/portable/GCC/ARM_CM7/r0p1/port.o
                0x00000000080084d0                pxPortInitialiseStack
 .text.prvTaskExitError
                0x0000000008008538       0x60 ./Middlewares/Third_Party/FreeRTOS/Source/portable/GCC/ARM_CM7/r0p1/port.o
 *fill*         0x0000000008008598        0x8 
 .text.SVC_Handler
                0x00000000080085a0       0x28 ./Middlewares/Third_Party/FreeRTOS/Source/portable/GCC/ARM_CM7/r0p1/port.o
                0x00000000080085a0                SVC_Handler
 .text.prvPortStartFirstTask
                0x00000000080085c8       0x28 ./Middlewares/Third_Party/FreeRTOS/Source/portable/GCC/ARM_CM7/r0p1/port.o
 .text.xPortStartScheduler
                0x00000000080085f0       0xfc ./Middlewares/Third_Party/FreeRTOS/Source/portable/GCC/ARM_CM7/r0p1/port.o
                0x00000000080085f0                xPortStartScheduler
 .text.vPortEnterCritical
                0x00000000080086ec       0x68 ./Middlewares/Third_Party/FreeRTOS/Source/portable/GCC/ARM_CM7/r0p1/port.o
                0x00000000080086ec                vPortEnterCritical
 .text.vPortExitCritical
                0x0000000008008754       0x58 ./Middlewares/Third_Party/FreeRTOS/Source/portable/GCC/ARM_CM7/r0p1/port.o
                0x0000000008008754                vPortExitCritical
 *fill*         0x00000000080087ac        0x4 
 .text.PendSV_Handler
                0x00000000080087b0       0x68 ./Middlewares/Third_Party/FreeRTOS/Source/portable/GCC/ARM_CM7/r0p1/port.o
                0x00000000080087b0                PendSV_Handler
 .text.SysTick_Handler
                0x0000000008008818       0x48 ./Middlewares/Third_Party/FreeRTOS/Source/portable/GCC/ARM_CM7/r0p1/port.o
                0x0000000008008818                SysTick_Handler
 .text.vPortSetupTimerInterrupt
                0x0000000008008860       0x48 ./Middlewares/Third_Party/FreeRTOS/Source/portable/GCC/ARM_CM7/r0p1/port.o
                0x0000000008008860                vPortSetupTimerInterrupt
 .text.vPortEnableVFP
                0x00000000080088a8       0x14 ./Middlewares/Third_Party/FreeRTOS/Source/portable/GCC/ARM_CM7/r0p1/port.o
 .text.vPortValidateInterruptPriority
                0x00000000080088bc       0x88 ./Middlewares/Third_Party/FreeRTOS/Source/portable/GCC/ARM_CM7/r0p1/port.o
                0x00000000080088bc                vPortValidateInterruptPriority
 .text.pvPortMalloc
                0x0000000008008944      0x194 ./Middlewares/Third_Party/FreeRTOS/Source/portable/MemMang/heap_4.o
                0x0000000008008944                pvPortMalloc
 .text.vPortFree
                0x0000000008008ad8       0xbc ./Middlewares/Third_Party/FreeRTOS/Source/portable/MemMang/heap_4.o
                0x0000000008008ad8                vPortFree
 .text.prvHeapInit
                0x0000000008008b94       0xc4 ./Middlewares/Third_Party/FreeRTOS/Source/portable/MemMang/heap_4.o
 .text.prvInsertBlockIntoFreeList
                0x0000000008008c58       0xb4 ./Middlewares/Third_Party/FreeRTOS/Source/portable/MemMang/heap_4.o
 .text.__cxa_pure_virtual
                0x0000000008008d0c        0x6 /opt/st/stm32cubeide_1.11.0/plugins/com.st.stm32cube.ide.mcu.externaltools.gnu-tools-for-stm32.10.3-2021.10.linux64_1.0.100.202210260954/tools/bin/../lib/gcc/arm-none-eabi/10.3.1/../../../../arm-none-eabi/lib/thumb/v7e-m+dp/hard/libstdc++_nano.a(pure.o)
                0x0000000008008d0c                __cxa_pure_virtual
 *fill*         0x0000000008008d12        0x2 
 .text._ZNSt6chrono3_V212system_clock3nowEv
                0x0000000008008d14       0x3c /opt/st/stm32cubeide_1.11.0/plugins/com.st.stm32cube.ide.mcu.externaltools.gnu-tools-for-stm32.10.3-2021.10.linux64_1.0.100.202210260954/tools/bin/../lib/gcc/arm-none-eabi/10.3.1/../../../../arm-none-eabi/lib/thumb/v7e-m+dp/hard/libstdc++_nano.a(chrono.o)
                0x0000000008008d14                std::chrono::_V2::system_clock::now()
 .text._ZN10__cxxabiv111__terminateEPFvvE
                0x0000000008008d50        0x8 /opt/st/stm32cubeide_1.11.0/plugins/com.st.stm32cube.ide.mcu.externaltools.gnu-tools-for-stm32.10.3-2021.10.linux64_1.0.100.202210260954/tools/bin/../lib/gcc/arm-none-eabi/10.3.1/../../../../arm-none-eabi/lib/thumb/v7e-m+dp/hard/libstdc++_nano.a(eh_terminate.o)
                0x0000000008008d50                __cxxabiv1::__terminate(void (*)())
 .text._ZSt13get_terminatev
                0x0000000008008d58       0x10 /opt/st/stm32cubeide_1.11.0/plugins/com.st.stm32cube.ide.mcu.externaltools.gnu-tools-for-stm32.10.3-2021.10.linux64_1.0.100.202210260954/tools/bin/../lib/gcc/arm-none-eabi/10.3.1/../../../../arm-none-eabi/lib/thumb/v7e-m+dp/hard/libstdc++_nano.a(eh_terminate.o)
                0x0000000008008d58                std::get_terminate()
 .text._ZSt9terminatev
                0x0000000008008d68        0xa /opt/st/stm32cubeide_1.11.0/plugins/com.st.stm32cube.ide.mcu.externaltools.gnu-tools-for-stm32.10.3-2021.10.linux64_1.0.100.202210260954/tools/bin/../lib/gcc/arm-none-eabi/10.3.1/../../../../arm-none-eabi/lib/thumb/v7e-m+dp/hard/libstdc++_nano.a(eh_terminate.o)
                0x0000000008008d68                std::terminate()
 .text.abort    0x0000000008008d72        0xe /opt/st/stm32cubeide_1.11.0/plugins/com.st.stm32cube.ide.mcu.externaltools.gnu-tools-for-stm32.10.3-2021.10.linux64_1.0.100.202210260954/tools/bin/../lib/gcc/arm-none-eabi/10.3.1/../../../../arm-none-eabi/lib/thumb/v7e-m+dp/hard/libc_nano.a(lib_a-abort.o)
                0x0000000008008d72                abort
 .text.__errno  0x0000000008008d80        0xc /opt/st/stm32cubeide_1.11.0/plugins/com.st.stm32cube.ide.mcu.externaltools.gnu-tools-for-stm32.10.3-2021.10.linux64_1.0.100.202210260954/tools/bin/../lib/gcc/arm-none-eabi/10.3.1/../../../../arm-none-eabi/lib/thumb/v7e-m+dp/hard/libc_nano.a(lib_a-errno.o)
                0x0000000008008d80                __errno
 .text.__libc_init_array
                0x0000000008008d8c       0x48 /opt/st/stm32cubeide_1.11.0/plugins/com.st.stm32cube.ide.mcu.externaltools.gnu-tools-for-stm32.10.3-2021.10.linux64_1.0.100.202210260954/tools/bin/../lib/gcc/arm-none-eabi/10.3.1/../../../../arm-none-eabi/lib/thumb/v7e-m+dp/hard/libc_nano.a(lib_a-init.o)
                0x0000000008008d8c                __libc_init_array
 .text.__retarget_lock_acquire_recursive
                0x0000000008008dd4        0x2 /opt/st/stm32cubeide_1.11.0/plugins/com.st.stm32cube.ide.mcu.externaltools.gnu-tools-for-stm32.10.3-2021.10.linux64_1.0.100.202210260954/tools/bin/../lib/gcc/arm-none-eabi/10.3.1/../../../../arm-none-eabi/lib/thumb/v7e-m+dp/hard/libc_nano.a(lib_a-lock.o)
                0x0000000008008dd4                __retarget_lock_acquire_recursive
 .text.__retarget_lock_release_recursive
                0x0000000008008dd6        0x2 /opt/st/stm32cubeide_1.11.0/plugins/com.st.stm32cube.ide.mcu.externaltools.gnu-tools-for-stm32.10.3-2021.10.linux64_1.0.100.202210260954/tools/bin/../lib/gcc/arm-none-eabi/10.3.1/../../../../arm-none-eabi/lib/thumb/v7e-m+dp/hard/libc_nano.a(lib_a-lock.o)
                0x0000000008008dd6                __retarget_lock_release_recursive
 .text.memcpy   0x0000000008008dd8       0x1c /opt/st/stm32cubeide_1.11.0/plugins/com.st.stm32cube.ide.mcu.externaltools.gnu-tools-for-stm32.10.3-2021.10.linux64_1.0.100.202210260954/tools/bin/../lib/gcc/arm-none-eabi/10.3.1/../../../../arm-none-eabi/lib/thumb/v7e-m+dp/hard/libc_nano.a(lib_a-memcpy-stub.o)
                0x0000000008008dd8                memcpy
 .text.memset   0x0000000008008df4       0x10 /opt/st/stm32cubeide_1.11.0/plugins/com.st.stm32cube.ide.mcu.externaltools.gnu-tools-for-stm32.10.3-2021.10.linux64_1.0.100.202210260954/tools/bin/../lib/gcc/arm-none-eabi/10.3.1/../../../../arm-none-eabi/lib/thumb/v7e-m+dp/hard/libc_nano.a(lib_a-memset.o)
                0x0000000008008df4                memset
 .text.cleanup_glue
                0x0000000008008e04       0x1a /opt/st/stm32cubeide_1.11.0/plugins/com.st.stm32cube.ide.mcu.externaltools.gnu-tools-for-stm32.10.3-2021.10.linux64_1.0.100.202210260954/tools/bin/../lib/gcc/arm-none-eabi/10.3.1/../../../../arm-none-eabi/lib/thumb/v7e-m+dp/hard/libc_nano.a(lib_a-reent.o)
                0x0000000008008e04                cleanup_glue
 *fill*         0x0000000008008e1e        0x2 
 .text._reclaim_reent
                0x0000000008008e20       0xb8 /opt/st/stm32cubeide_1.11.0/plugins/com.st.stm32cube.ide.mcu.externaltools.gnu-tools-for-stm32.10.3-2021.10.linux64_1.0.100.202210260954/tools/bin/../lib/gcc/arm-none-eabi/10.3.1/../../../../arm-none-eabi/lib/thumb/v7e-m+dp/hard/libc_nano.a(lib_a-reent.o)
                0x0000000008008e20                _reclaim_reent
 .text._raise_r
                0x0000000008008ed8       0x50 /opt/st/stm32cubeide_1.11.0/plugins/com.st.stm32cube.ide.mcu.externaltools.gnu-tools-for-stm32.10.3-2021.10.linux64_1.0.100.202210260954/tools/bin/../lib/gcc/arm-none-eabi/10.3.1/../../../../arm-none-eabi/lib/thumb/v7e-m+dp/hard/libc_nano.a(lib_a-signal.o)
                0x0000000008008ed8                _raise_r
 .text.raise    0x0000000008008f28       0x10 /opt/st/stm32cubeide_1.11.0/plugins/com.st.stm32cube.ide.mcu.externaltools.gnu-tools-for-stm32.10.3-2021.10.linux64_1.0.100.202210260954/tools/bin/../lib/gcc/arm-none-eabi/10.3.1/../../../../arm-none-eabi/lib/thumb/v7e-m+dp/hard/libc_nano.a(lib_a-signal.o)
                0x0000000008008f28                raise
 .text._kill_r  0x0000000008008f38       0x24 /opt/st/stm32cubeide_1.11.0/plugins/com.st.stm32cube.ide.mcu.externaltools.gnu-tools-for-stm32.10.3-2021.10.linux64_1.0.100.202210260954/tools/bin/../lib/gcc/arm-none-eabi/10.3.1/../../../../arm-none-eabi/lib/thumb/v7e-m+dp/hard/libc_nano.a(lib_a-signalr.o)
                0x0000000008008f38                _kill_r
 .text._getpid_r
                0x0000000008008f5c        0x4 /opt/st/stm32cubeide_1.11.0/plugins/com.st.stm32cube.ide.mcu.externaltools.gnu-tools-for-stm32.10.3-2021.10.linux64_1.0.100.202210260954/tools/bin/../lib/gcc/arm-none-eabi/10.3.1/../../../../arm-none-eabi/lib/thumb/v7e-m+dp/hard/libc_nano.a(lib_a-signalr.o)
                0x0000000008008f5c                _getpid_r
 .text.gettimeofday
                0x0000000008008f60       0x10 /opt/st/stm32cubeide_1.11.0/plugins/com.st.stm32cube.ide.mcu.externaltools.gnu-tools-for-stm32.10.3-2021.10.linux64_1.0.100.202210260954/tools/bin/../lib/gcc/arm-none-eabi/10.3.1/../../../../arm-none-eabi/lib/thumb/v7e-m+dp/hard/libc_nano.a(lib_a-sysgettod.o)
                0x0000000008008f60                gettimeofday
 .text._gettimeofday_r
                0x0000000008008f70       0x24 /opt/st/stm32cubeide_1.11.0/plugins/com.st.stm32cube.ide.mcu.externaltools.gnu-tools-for-stm32.10.3-2021.10.linux64_1.0.100.202210260954/tools/bin/../lib/gcc/arm-none-eabi/10.3.1/../../../../arm-none-eabi/lib/thumb/v7e-m+dp/hard/libc_nano.a(lib_a-gettimeofdayr.o)
                0x0000000008008f70                _gettimeofday_r
 .text.__malloc_lock
                0x0000000008008f94        0xc /opt/st/stm32cubeide_1.11.0/plugins/com.st.stm32cube.ide.mcu.externaltools.gnu-tools-for-stm32.10.3-2021.10.linux64_1.0.100.202210260954/tools/bin/../lib/gcc/arm-none-eabi/10.3.1/../../../../arm-none-eabi/lib/thumb/v7e-m+dp/hard/libc_nano.a(lib_a-mlock.o)
                0x0000000008008f94                __malloc_lock
 .text.__malloc_unlock
                0x0000000008008fa0        0xc /opt/st/stm32cubeide_1.11.0/plugins/com.st.stm32cube.ide.mcu.externaltools.gnu-tools-for-stm32.10.3-2021.10.linux64_1.0.100.202210260954/tools/bin/../lib/gcc/arm-none-eabi/10.3.1/../../../../arm-none-eabi/lib/thumb/v7e-m+dp/hard/libc_nano.a(lib_a-mlock.o)
                0x0000000008008fa0                __malloc_unlock
 .text._free_r  0x0000000008008fac       0x98 /opt/st/stm32cubeide_1.11.0/plugins/com.st.stm32cube.ide.mcu.externaltools.gnu-tools-for-stm32.10.3-2021.10.linux64_1.0.100.202210260954/tools/bin/../lib/gcc/arm-none-eabi/10.3.1/../../../../arm-none-eabi/lib/thumb/v7e-m+dp/hard/libc_nano.a(lib_a-nano-freer.o)
                0x0000000008008fac                _free_r
 .text._gettimeofday
                0x0000000008009044       0x10 /opt/st/stm32cubeide_1.11.0/plugins/com.st.stm32cube.ide.mcu.externaltools.gnu-tools-for-stm32.10.3-2021.10.linux64_1.0.100.202210260954/tools/bin/../lib/gcc/arm-none-eabi/10.3.1/../../../../arm-none-eabi/lib/thumb/v7e-m+dp/hard/libnosys.a(gettod.o)
                0x0000000008009044                _gettimeofday
 *(.glue_7)
 .glue_7        0x0000000008009054        0x0 linker stubs
 *(.glue_7t)
 .glue_7t       0x0000000008009054        0x0 linker stubs
 *(.eh_frame)
 .eh_frame      0x0000000008009054        0x0 /opt/st/stm32cubeide_1.11.0/plugins/com.st.stm32cube.ide.mcu.externaltools.gnu-tools-for-stm32.10.3-2021.10.linux64_1.0.100.202210260954/tools/bin/../lib/gcc/arm-none-eabi/10.3.1/thumb/v7e-m+dp/hard/crtbegin.o
 *(.init)
 .init          0x0000000008009054        0x4 /opt/st/stm32cubeide_1.11.0/plugins/com.st.stm32cube.ide.mcu.externaltools.gnu-tools-for-stm32.10.3-2021.10.linux64_1.0.100.202210260954/tools/bin/../lib/gcc/arm-none-eabi/10.3.1/thumb/v7e-m+dp/hard/crti.o
                0x0000000008009054                _init
 .init          0x0000000008009058        0x8 /opt/st/stm32cubeide_1.11.0/plugins/com.st.stm32cube.ide.mcu.externaltools.gnu-tools-for-stm32.10.3-2021.10.linux64_1.0.100.202210260954/tools/bin/../lib/gcc/arm-none-eabi/10.3.1/thumb/v7e-m+dp/hard/crtn.o
 *(.fini)
 .fini          0x0000000008009060        0x4 /opt/st/stm32cubeide_1.11.0/plugins/com.st.stm32cube.ide.mcu.externaltools.gnu-tools-for-stm32.10.3-2021.10.linux64_1.0.100.202210260954/tools/bin/../lib/gcc/arm-none-eabi/10.3.1/thumb/v7e-m+dp/hard/crti.o
                0x0000000008009060                _fini
 .fini          0x0000000008009064        0x8 /opt/st/stm32cubeide_1.11.0/plugins/com.st.stm32cube.ide.mcu.externaltools.gnu-tools-for-stm32.10.3-2021.10.linux64_1.0.100.202210260954/tools/bin/../lib/gcc/arm-none-eabi/10.3.1/thumb/v7e-m+dp/hard/crtn.o
                0x000000000800906c                . = ALIGN (0x4)
                0x000000000800906c                _etext = .

.vfp11_veneer   0x000000000800906c        0x0
 .vfp11_veneer  0x000000000800906c        0x0 linker stubs

.v4_bx          0x000000000800906c        0x0
 .v4_bx         0x000000000800906c        0x0 linker stubs

.iplt           0x000000000800906c        0x0
 .iplt          0x000000000800906c        0x0 /opt/st/stm32cubeide_1.11.0/plugins/com.st.stm32cube.ide.mcu.externaltools.gnu-tools-for-stm32.10.3-2021.10.linux64_1.0.100.202210260954/tools/bin/../lib/gcc/arm-none-eabi/10.3.1/thumb/v7e-m+dp/hard/crtbegin.o

.rodata         0x000000000800906c      0x1c8
                0x000000000800906c                . = ALIGN (0x4)
 *(.rodata)
 .rodata        0x000000000800906c       0x30 ./Application/Src/Application.o
 .rodata        0x000000000800909c       0x20 ./Application/Src/Services/CommandReceiver/CommandReceiver.o
 .rodata        0x00000000080090bc       0x41 ./Core/Src/main.o
 *fill*         0x00000000080090fd        0x3 
 .rodata        0x0000000008009100        0x5 ./Middlewares/Third_Party/FreeRTOS/Source/tasks.o
 *fill*         0x0000000008009105        0x3 
 .rodata        0x0000000008009108        0xd ./Middlewares/Third_Party/FreeRTOS/Source/timers.o
 *(.rodata*)
 *fill*         0x0000000008009115        0x3 
 .rodata._ZTV11Application
                0x0000000008009118       0x10 ./Application/Src/Application.o
                0x0000000008009118                vtable for Application
 .rodata._ZTVN8protocol14packet_decoderE
                0x0000000008009128       0x10 ./Application/Src/Application.o
                0x0000000008009128                vtable for protocol::packet_decoder
 .rodata.defaultTask_attributes
                0x0000000008009138       0x24 ./Core/Src/main.o
                0x0000000008009138                defaultTask_attributes
 .rodata.commandReceiver_attributes
                0x000000000800915c       0x24 ./Core/Src/main.o
                0x000000000800915c                commandReceiver_attributes
 .rodata.telemetrySender_attributes
                0x0000000008009180       0x24 ./Core/Src/main.o
                0x0000000008009180                telemetrySender_attributes
 .rodata.CommandReceiverQueue_attributes
                0x00000000080091a4       0x18 ./Core/Src/main.o
                0x00000000080091a4                CommandReceiverQueue_attributes
 .rodata.AHBPrescTable
                0x00000000080091bc       0x10 ./Core/Src/system_stm32f7xx.o
                0x00000000080091bc                AHBPrescTable
 .rodata.APBPrescTable
                0x00000000080091cc        0x8 ./Core/Src/system_stm32f7xx.o
                0x00000000080091cc                APBPrescTable
 .rodata.__sf_fake_stderr
                0x00000000080091d4       0x20 /opt/st/stm32cubeide_1.11.0/plugins/com.st.stm32cube.ide.mcu.externaltools.gnu-tools-for-stm32.10.3-2021.10.linux64_1.0.100.202210260954/tools/bin/../lib/gcc/arm-none-eabi/10.3.1/../../../../arm-none-eabi/lib/thumb/v7e-m+dp/hard/libc_nano.a(lib_a-findfp.o)
                0x00000000080091d4                __sf_fake_stderr
 .rodata.__sf_fake_stdin
                0x00000000080091f4       0x20 /opt/st/stm32cubeide_1.11.0/plugins/com.st.stm32cube.ide.mcu.externaltools.gnu-tools-for-stm32.10.3-2021.10.linux64_1.0.100.202210260954/tools/bin/../lib/gcc/arm-none-eabi/10.3.1/../../../../arm-none-eabi/lib/thumb/v7e-m+dp/hard/libc_nano.a(lib_a-findfp.o)
                0x00000000080091f4                __sf_fake_stdin
 .rodata.__sf_fake_stdout
                0x0000000008009214       0x20 /opt/st/stm32cubeide_1.11.0/plugins/com.st.stm32cube.ide.mcu.externaltools.gnu-tools-for-stm32.10.3-2021.10.linux64_1.0.100.202210260954/tools/bin/../lib/gcc/arm-none-eabi/10.3.1/../../../../arm-none-eabi/lib/thumb/v7e-m+dp/hard/libc_nano.a(lib_a-findfp.o)
                0x0000000008009214                __sf_fake_stdout
                0x0000000008009234                . = ALIGN (0x4)

.ARM.extab      0x0000000008009234        0x0
                0x0000000008009234                . = ALIGN (0x4)
 *(.ARM.extab* .gnu.linkonce.armextab.*)
                0x0000000008009234                . = ALIGN (0x4)

.ARM            0x0000000008009234        0x8
                0x0000000008009234                . = ALIGN (0x4)
                0x0000000008009234                __exidx_start = .
 *(.ARM.exidx*)
 .ARM.exidx     0x0000000008009234        0x8 /opt/st/stm32cubeide_1.11.0/plugins/com.st.stm32cube.ide.mcu.externaltools.gnu-tools-for-stm32.10.3-2021.10.linux64_1.0.100.202210260954/tools/bin/../lib/gcc/arm-none-eabi/10.3.1/thumb/v7e-m+dp/hard/libgcc.a(_udivmoddi4.o)
                0x000000000800923c                __exidx_end = .
                0x000000000800923c                . = ALIGN (0x4)

.rel.dyn        0x000000000800923c        0x0
 .rel.iplt      0x000000000800923c        0x0 /opt/st/stm32cubeide_1.11.0/plugins/com.st.stm32cube.ide.mcu.externaltools.gnu-tools-for-stm32.10.3-2021.10.linux64_1.0.100.202210260954/tools/bin/../lib/gcc/arm-none-eabi/10.3.1/thumb/v7e-m+dp/hard/crtbegin.o

.preinit_array  0x000000000800923c        0x0
                0x000000000800923c                . = ALIGN (0x4)
                0x000000000800923c                PROVIDE (__preinit_array_start = .)
 *(.preinit_array*)
                0x000000000800923c                PROVIDE (__preinit_array_end = .)
                0x000000000800923c                . = ALIGN (0x4)

.init_array     0x000000000800923c       0x10
                0x000000000800923c                . = ALIGN (0x4)
                0x000000000800923c                PROVIDE (__init_array_start = .)
 *(SORT_BY_NAME(.init_array.*))
 *(.init_array*)
 .init_array    0x000000000800923c        0x4 /opt/st/stm32cubeide_1.11.0/plugins/com.st.stm32cube.ide.mcu.externaltools.gnu-tools-for-stm32.10.3-2021.10.linux64_1.0.100.202210260954/tools/bin/../lib/gcc/arm-none-eabi/10.3.1/thumb/v7e-m+dp/hard/crtbegin.o
 .init_array    0x0000000008009240        0x4 ./Application/Src/Application.o
 .init_array    0x0000000008009244        0x4 ./Application/Src/Services/CommandReceiver/CommandReceiver.o
 .init_array    0x0000000008009248        0x4 ./Application/Src/Services/TelemetrySender/TelemetrySender.o
                0x000000000800924c                PROVIDE (__init_array_end = .)
                0x000000000800924c                . = ALIGN (0x4)

.fini_array     0x000000000800924c       0x10
                0x000000000800924c                . = ALIGN (0x4)
                [!provide]                        PROVIDE (__fini_array_start = .)
 *(SORT_BY_NAME(.fini_array.*))
 *(.fini_array*)
 .fini_array    0x000000000800924c        0x4 /opt/st/stm32cubeide_1.11.0/plugins/com.st.stm32cube.ide.mcu.externaltools.gnu-tools-for-stm32.10.3-2021.10.linux64_1.0.100.202210260954/tools/bin/../lib/gcc/arm-none-eabi/10.3.1/thumb/v7e-m+dp/hard/crtbegin.o
 .fini_array    0x0000000008009250        0x4 ./Application/Src/Application.o
 .fini_array    0x0000000008009254        0x4 ./Application/Src/Services/CommandReceiver/CommandReceiver.o
 .fini_array    0x0000000008009258        0x4 ./Application/Src/Services/TelemetrySender/TelemetrySender.o
                [!provide]                        PROVIDE (__fini_array_end = .)
                0x000000000800925c                . = ALIGN (0x4)
                0x000000000800925c                _sidata = LOADADDR (.data)

.data           0x0000000020000000       0x78 load address 0x000000000800925c
                0x0000000020000000                . = ALIGN (0x4)
                0x0000000020000000                _sdata = .
 *(.data)
 *(.data*)
 .data.SystemCoreClock
                0x0000000020000000        0x4 ./Core/Src/system_stm32f7xx.o
                0x0000000020000000                SystemCoreClock
 .data.uwTickPrio
                0x0000000020000004        0x4 ./Drivers/STM32F7xx_HAL_Driver/Src/stm32f7xx_hal.o
                0x0000000020000004                uwTickPrio
 .data.uwTickFreq
                0x0000000020000008        0x1 ./Drivers/STM32F7xx_HAL_Driver/Src/stm32f7xx_hal.o
                0x0000000020000008                uwTickFreq
 *fill*         0x0000000020000009        0x3 
 .data.uxCriticalNesting
                0x000000002000000c        0x4 ./Middlewares/Third_Party/FreeRTOS/Source/portable/GCC/ARM_CM7/r0p1/port.o
 .data._ZN10__cxxabiv119__terminate_handlerE
                0x0000000020000010        0x4 /opt/st/stm32cubeide_1.11.0/plugins/com.st.stm32cube.ide.mcu.externaltools.gnu-tools-for-stm32.10.3-2021.10.linux64_1.0.100.202210260954/tools/bin/../lib/gcc/arm-none-eabi/10.3.1/../../../../arm-none-eabi/lib/thumb/v7e-m+dp/hard/libstdc++_nano.a(eh_term_handler.o)
                0x0000000020000010                __cxxabiv1::__terminate_handler
 .data._impure_ptr
                0x0000000020000014        0x4 /opt/st/stm32cubeide_1.11.0/plugins/com.st.stm32cube.ide.mcu.externaltools.gnu-tools-for-stm32.10.3-2021.10.linux64_1.0.100.202210260954/tools/bin/../lib/gcc/arm-none-eabi/10.3.1/../../../../arm-none-eabi/lib/thumb/v7e-m+dp/hard/libc_nano.a(lib_a-impure.o)
                0x0000000020000014                _impure_ptr
 .data.impure_data
                0x0000000020000018       0x60 /opt/st/stm32cubeide_1.11.0/plugins/com.st.stm32cube.ide.mcu.externaltools.gnu-tools-for-stm32.10.3-2021.10.linux64_1.0.100.202210260954/tools/bin/../lib/gcc/arm-none-eabi/10.3.1/../../../../arm-none-eabi/lib/thumb/v7e-m+dp/hard/libc_nano.a(lib_a-impure.o)
 *(.RamFunc)
 *(.RamFunc*)
                0x0000000020000078                . = ALIGN (0x4)
                0x0000000020000078                _edata = .

.igot.plt       0x0000000020000078        0x0 load address 0x00000000080092d4
 .igot.plt      0x0000000020000078        0x0 /opt/st/stm32cubeide_1.11.0/plugins/com.st.stm32cube.ide.mcu.externaltools.gnu-tools-for-stm32.10.3-2021.10.linux64_1.0.100.202210260954/tools/bin/../lib/gcc/arm-none-eabi/10.3.1/thumb/v7e-m+dp/hard/crtbegin.o
                0x0000000020000078                . = ALIGN (0x4)

.bss            0x0000000020000078     0x559c load address 0x00000000080092d4
                0x0000000020000078                _sbss = .
                0x0000000020000078                __bss_start__ = _sbss
 *(.bss)
 .bss           0x0000000020000078       0x1c /opt/st/stm32cubeide_1.11.0/plugins/com.st.stm32cube.ide.mcu.externaltools.gnu-tools-for-stm32.10.3-2021.10.linux64_1.0.100.202210260954/tools/bin/../lib/gcc/arm-none-eabi/10.3.1/thumb/v7e-m+dp/hard/crtbegin.o
 *(.bss*)
 .bss.App       0x0000000020000094      0x3e8 ./Application/Src/Application.o
                0x0000000020000094                App
 .bss.CommandReceiver
                0x000000002000047c       0x20 ./Application/Src/Services/CommandReceiver/CommandReceiver.o
                0x000000002000047c                CommandReceiver
 .bss.TelemetrySender
                0x000000002000049c      0x10c ./Application/Src/Services/TelemetrySender/TelemetrySender.o
                0x000000002000049c                TelemetrySender
 .bss.huart3    0x00000000200005a8       0x88 ./Core/Src/main.o
                0x00000000200005a8                huart3
 .bss.hpcd_USB_OTG_FS
                0x0000000020000630      0x508 ./Core/Src/main.o
                0x0000000020000630                hpcd_USB_OTG_FS
 .bss.defaultTaskHandle
                0x0000000020000b38        0x4 ./Core/Src/main.o
                0x0000000020000b38                defaultTaskHandle
 .bss.commandReceiverHandle
                0x0000000020000b3c        0x4 ./Core/Src/main.o
                0x0000000020000b3c                commandReceiverHandle
 .bss.telemetrySenderHandle
                0x0000000020000b40        0x4 ./Core/Src/main.o
                0x0000000020000b40                telemetrySenderHandle
 .bss.CommandReceiverQueueHandle
                0x0000000020000b44        0x4 ./Core/Src/main.o
                0x0000000020000b44                CommandReceiverQueueHandle
 .bss.CommandReceiverQueueBuffer
                0x0000000020000b48       0x10 ./Core/Src/main.o
                0x0000000020000b48                CommandReceiverQueueBuffer
 .bss.CommandReceiverQueueControlBlock
                0x0000000020000b58       0x50 ./Core/Src/main.o
                0x0000000020000b58                CommandReceiverQueueControlBlock
 .bss.Config    0x0000000020000ba8        0x8 ./Core/Src/main.o
                0x0000000020000ba8                Config
 .bss.htim7     0x0000000020000bb0       0x4c ./Core/Src/stm32f7xx_hal_timebase_tim.o
                0x0000000020000bb0                htim7
 .bss.uwTick    0x0000000020000bfc        0x4 ./Drivers/STM32F7xx_HAL_Driver/Src/stm32f7xx_hal.o
                0x0000000020000bfc                uwTick
 .bss.KernelState
                0x0000000020000c00        0x4 ./Middlewares/Third_Party/FreeRTOS/Source/CMSIS_RTOS_V2/cmsis_os2.o
 .bss.Idle_TCB  0x0000000020000c04       0xbc ./Middlewares/Third_Party/FreeRTOS/Source/CMSIS_RTOS_V2/cmsis_os2.o
 .bss.Idle_Stack
                0x0000000020000cc0      0x200 ./Middlewares/Third_Party/FreeRTOS/Source/CMSIS_RTOS_V2/cmsis_os2.o
 .bss.Timer_TCB
                0x0000000020000ec0       0xbc ./Middlewares/Third_Party/FreeRTOS/Source/CMSIS_RTOS_V2/cmsis_os2.o
 .bss.Timer_Stack
                0x0000000020000f7c      0x400 ./Middlewares/Third_Party/FreeRTOS/Source/CMSIS_RTOS_V2/cmsis_os2.o
 .bss.xQueueRegistry
                0x000000002000137c       0x40 ./Middlewares/Third_Party/FreeRTOS/Source/queue.o
                0x000000002000137c                xQueueRegistry
 .bss.pxCurrentTCB
                0x00000000200013bc        0x4 ./Middlewares/Third_Party/FreeRTOS/Source/tasks.o
                0x00000000200013bc                pxCurrentTCB
 .bss.pxReadyTasksLists
                0x00000000200013c0      0x460 ./Middlewares/Third_Party/FreeRTOS/Source/tasks.o
 .bss.xDelayedTaskList1
                0x0000000020001820       0x14 ./Middlewares/Third_Party/FreeRTOS/Source/tasks.o
 .bss.xDelayedTaskList2
                0x0000000020001834       0x14 ./Middlewares/Third_Party/FreeRTOS/Source/tasks.o
 .bss.pxDelayedTaskList
                0x0000000020001848        0x4 ./Middlewares/Third_Party/FreeRTOS/Source/tasks.o
 .bss.pxOverflowDelayedTaskList
                0x000000002000184c        0x4 ./Middlewares/Third_Party/FreeRTOS/Source/tasks.o
 .bss.xPendingReadyList
                0x0000000020001850       0x14 ./Middlewares/Third_Party/FreeRTOS/Source/tasks.o
 .bss.xTasksWaitingTermination
                0x0000000020001864       0x14 ./Middlewares/Third_Party/FreeRTOS/Source/tasks.o
 .bss.uxDeletedTasksWaitingCleanUp
                0x0000000020001878        0x4 ./Middlewares/Third_Party/FreeRTOS/Source/tasks.o
 .bss.xSuspendedTaskList
                0x000000002000187c       0x14 ./Middlewares/Third_Party/FreeRTOS/Source/tasks.o
 .bss.uxCurrentNumberOfTasks
                0x0000000020001890        0x4 ./Middlewares/Third_Party/FreeRTOS/Source/tasks.o
 .bss.xTickCount
                0x0000000020001894        0x4 ./Middlewares/Third_Party/FreeRTOS/Source/tasks.o
 .bss.uxTopReadyPriority
                0x0000000020001898        0x4 ./Middlewares/Third_Party/FreeRTOS/Source/tasks.o
 .bss.xSchedulerRunning
                0x000000002000189c        0x4 ./Middlewares/Third_Party/FreeRTOS/Source/tasks.o
 .bss.uxPendedTicks
                0x00000000200018a0        0x4 ./Middlewares/Third_Party/FreeRTOS/Source/tasks.o
 .bss.xYieldPending
                0x00000000200018a4        0x4 ./Middlewares/Third_Party/FreeRTOS/Source/tasks.o
 .bss.xNumOfOverflows
                0x00000000200018a8        0x4 ./Middlewares/Third_Party/FreeRTOS/Source/tasks.o
 .bss.uxTaskNumber
                0x00000000200018ac        0x4 ./Middlewares/Third_Party/FreeRTOS/Source/tasks.o
 .bss.xNextTaskUnblockTime
                0x00000000200018b0        0x4 ./Middlewares/Third_Party/FreeRTOS/Source/tasks.o
 .bss.xIdleTaskHandle
                0x00000000200018b4        0x4 ./Middlewares/Third_Party/FreeRTOS/Source/tasks.o
 .bss.uxSchedulerSuspended
                0x00000000200018b8        0x4 ./Middlewares/Third_Party/FreeRTOS/Source/tasks.o
 .bss.xActiveTimerList1
                0x00000000200018bc       0x14 ./Middlewares/Third_Party/FreeRTOS/Source/timers.o
 .bss.xActiveTimerList2
                0x00000000200018d0       0x14 ./Middlewares/Third_Party/FreeRTOS/Source/timers.o
 .bss.pxCurrentTimerList
                0x00000000200018e4        0x4 ./Middlewares/Third_Party/FreeRTOS/Source/timers.o
 .bss.pxOverflowTimerList
                0x00000000200018e8        0x4 ./Middlewares/Third_Party/FreeRTOS/Source/timers.o
 .bss.xTimerQueue
                0x00000000200018ec        0x4 ./Middlewares/Third_Party/FreeRTOS/Source/timers.o
 .bss.xTimerTaskHandle
                0x00000000200018f0        0x4 ./Middlewares/Third_Party/FreeRTOS/Source/timers.o
 .bss.xLastTime.2
                0x00000000200018f4        0x4 ./Middlewares/Third_Party/FreeRTOS/Source/timers.o
 .bss.ucStaticTimerQueueStorage.1
                0x00000000200018f8       0xa0 ./Middlewares/Third_Party/FreeRTOS/Source/timers.o
 .bss.xStaticTimerQueue.0
                0x0000000020001998       0x50 ./Middlewares/Third_Party/FreeRTOS/Source/timers.o
 .bss.ucMaxSysCallPriority
                0x00000000200019e8        0x1 ./Middlewares/Third_Party/FreeRTOS/Source/portable/GCC/ARM_CM7/r0p1/port.o
 *fill*         0x00000000200019e9        0x3 
 .bss.ulMaxPRIGROUPValue
                0x00000000200019ec        0x4 ./Middlewares/Third_Party/FreeRTOS/Source/portable/GCC/ARM_CM7/r0p1/port.o
 .bss.ucHeap    0x00000000200019f0     0x3c00 ./Middlewares/Third_Party/FreeRTOS/Source/portable/MemMang/heap_4.o
 .bss.xStart    0x00000000200055f0        0x8 ./Middlewares/Third_Party/FreeRTOS/Source/portable/MemMang/heap_4.o
 .bss.pxEnd     0x00000000200055f8        0x4 ./Middlewares/Third_Party/FreeRTOS/Source/portable/MemMang/heap_4.o
 .bss.xFreeBytesRemaining
                0x00000000200055fc        0x4 ./Middlewares/Third_Party/FreeRTOS/Source/portable/MemMang/heap_4.o
 .bss.xMinimumEverFreeBytesRemaining
                0x0000000020005600        0x4 ./Middlewares/Third_Party/FreeRTOS/Source/portable/MemMang/heap_4.o
 .bss.xBlockAllocatedBit
                0x0000000020005604        0x4 ./Middlewares/Third_Party/FreeRTOS/Source/portable/MemMang/heap_4.o
 .bss.__lock___malloc_recursive_mutex
                0x0000000020005608        0x1 /opt/st/stm32cubeide_1.11.0/plugins/com.st.stm32cube.ide.mcu.externaltools.gnu-tools-for-stm32.10.3-2021.10.linux64_1.0.100.202210260954/tools/bin/../lib/gcc/arm-none-eabi/10.3.1/../../../../arm-none-eabi/lib/thumb/v7e-m+dp/hard/libc_nano.a(lib_a-lock.o)
                0x0000000020005608                __lock___malloc_recursive_mutex
 *fill*         0x0000000020005609        0x3 
 .bss.__malloc_free_list
                0x000000002000560c        0x4 /opt/st/stm32cubeide_1.11.0/plugins/com.st.stm32cube.ide.mcu.externaltools.gnu-tools-for-stm32.10.3-2021.10.linux64_1.0.100.202210260954/tools/bin/../lib/gcc/arm-none-eabi/10.3.1/../../../../arm-none-eabi/lib/thumb/v7e-m+dp/hard/libc_nano.a(lib_a-nano-mallocr.o)
                0x000000002000560c                __malloc_free_list
 .bss.errno     0x0000000020005610        0x4 /opt/st/stm32cubeide_1.11.0/plugins/com.st.stm32cube.ide.mcu.externaltools.gnu-tools-for-stm32.10.3-2021.10.linux64_1.0.100.202210260954/tools/bin/../lib/gcc/arm-none-eabi/10.3.1/../../../../arm-none-eabi/lib/thumb/v7e-m+dp/hard/libc_nano.a(lib_a-reent.o)
                0x0000000020005610                errno
 *(COMMON)
                0x0000000020005614                . = ALIGN (0x4)