../Application/Inc/Protocol/decoder.hpp:39:2:protocol::packet_decoder::packet_decoder()	24	static
../Application/Inc/Protocol/decoder.hpp:54:7:void protocol::packet_decoder::feed(uint8_t)	16	static
../Application/Inc/Protocol/decoder.hpp:88:7:void protocol::packet_decoder::reset()	16	static
../Application/Inc/Protocol/decoder.hpp:168:7:void protocol::packet_decoder::handle_pkt_state_idle()	16	static
../Application/Inc/Protocol/decoder.hpp:178:7:void protocol::packet_decoder::handle_pkt_state_expecting_start_sync1()	16	static
../Application/Inc/Protocol/decoder.hpp:192:7:void protocol::packet_decoder::handle_pkt_state_expecting_length()	16	static
../Application/Inc/Protocol/decoder.hpp:207:7:void protocol::packet_decoder::handle_pkt_state_expecting_payload()	16	static
../Application/Inc/Protocol/decoder.hpp:219:7:void protocol::packet_decoder::handle_pkt_state_expecting_crc()	16	static
../Application/Inc/Protocol/decoder.hpp:235:7:void protocol::packet_decoder::handle_pkt_state_expecting_terminator()	16	static
../Application/Inc/Telemetry.h:11:8:constexpr ApplicationGeneralTelemetry::ApplicationGeneralTelemetry()	16	static
../Application/Inc/Telemetry.h:28:8:ApplicationMotorControlTelemetry::ApplicationMotorControlTelemetry()	16	static
../Application/Src/Application.cpp:9:1:Application::Application()	16	static
../Application/Src/Application.cpp:14:1:Application::~Application()	16	static
../Application/Src/Application.cpp:19:6:virtual void Application::handle_packet(const uint8_t*, uint8_t)	24	static
../Application/Src/Application.cpp:49:6:virtual void Application::set_error(protocol::packet_decoder::error_code)	16	static
../Application/Src/Application.cpp:63:6:void HAL_UART_RxCpltCallback(UART_HandleTypeDef*)	16	static
../Application/Src/Application.cpp:76:6:void ApplicationMain(const ApplicationConfig*)	16	static
../Application/Src/Application.cpp:88:1:void __static_initialization_and_destruction_0(int, int)	16	static
../Application/Src/Application.cpp:88:1:cpp)	8	static
../Application/Src/Application.cpp:88:1:cpp)	8	static
