../Application/Inc/Protocol/encoder.hpp:15:2:protocol::packet_encoder::packet_encoder()	16	static
../Application/Inc/Protocol/encoder.hpp:24:15:void* protocol::packet_encoder::get_payload_buffer()	16	static
../Application/Inc/Protocol/encoder.hpp:29:7:void protocol::packet_encoder::calc_crc_and_close_packet(uint8_t)	24	static
../Application/Inc/Protocol/encoder.hpp:39:24:const uint8_t* protocol::packet_encoder::get_packet_bytes() const	16	static
../Application/Inc/Protocol/encoder.hpp:43:21:uint32_t protocol::packet_encoder::get_total_length() const	16	static
../Application/Src/Services/TelemetrySender/TelemetrySender.cpp:11:1:TelemetrySenderService::TelemetrySenderService()	16	static
../Application/Src/Services/TelemetrySender/TelemetrySender.cpp:16:1:TelemetrySenderService::~TelemetrySenderService()	16	static
../Application/Src/Services/TelemetrySender/TelemetrySender.cpp:21:6:void TelemetrySenderService::Main(void*)	16	static
../Application/Src/Services/TelemetrySender/TelemetrySender.cpp:36:6:void TelemetrySenderService::SendGeneralTelemetryReport()	16	static
../Application/Src/Services/TelemetrySender/TelemetrySender.cpp:54:6:void TelemetrySenderService::SendMotorReport()	16	static
../Application/Src/Services/TelemetrySender/TelemetrySender.cpp:78:6:void TelemetrySenderService::EncodeAndSend(const void*, size_t)	32	static
../Application/Src/Services/TelemetrySender/TelemetrySender.cpp:100:6:void TelemetrySenderTaskMain(void*)	16	static
../Application/Src/Services/TelemetrySender/TelemetrySender.cpp:103:1:void __static_initialization_and_destruction_0(int, int)	16	static
../Application/Src/Services/TelemetrySender/TelemetrySender.cpp:103:1:cpp)	8	static
../Application/Src/Services/TelemetrySender/TelemetrySender.cpp:103:1:cpp)	8	static
